../lvgl/src/extra/libs/qrcode/qrcodegen.c:546:14:getAlignmentPatternPositions	4	static
../lvgl/src/extra/libs/qrcode/qrcodegen.c:1000:12:numCharCountBits	8	static
../lvgl/src/extra/libs/qrcode/qrcodegen.c:977:14:getTotalBits	40	static
../lvgl/src/extra/libs/qrcode/qrcodegen.c:185:15:appendBitsToBuffer	16	static
../lvgl/src/extra/libs/qrcode/qrcodegen.c:767:15:setModule	8	static
../lvgl/src/extra/libs/qrcode/qrcodegen.c:337:14:getNumRawDataModules	8	static
../lvgl/src/extra/libs/qrcode/qrcodegen.c:758:15:getModule	8	static
../lvgl/src/extra/libs/qrcode/qrcodegen.c:809:6:qrcodegen_isNumeric.part.0	8	static
../lvgl/src/extra/libs/qrcode/qrcodegen.c:325:14:getNumDataCodewords	8	static
../lvgl/src/extra/libs/qrcode/qrcodegen.c:512:13:drawFormatBits	24	static
../lvgl/src/extra/libs/qrcode/qrcodegen.c:604:13:applyMask	56	static
../lvgl/src/extra/libs/qrcode/qrcodegen.c:414:15:initializeFunctionModules	72	static
../lvgl/src/extra/libs/qrcode/qrcodegen.c:204:6:qrcodegen_encodeSegmentsAdvanced	136	static
../lvgl/src/extra/libs/qrcode/qrcodegen.c:167:6:qrcodegen_encodeBinary	56	static
../lvgl/src/extra/libs/qrcode/qrcodegen.c:196:6:qrcodegen_encodeSegments	32	static
../lvgl/src/extra/libs/qrcode/qrcodegen.c:740:5:qrcodegen_getSize	8	static
../lvgl/src/extra/libs/qrcode/qrcodegen.c:750:6:qrcodegen_getModule	8	static
../lvgl/src/extra/libs/qrcode/qrcodegen.c:798:6:qrcodegen_isAlphanumeric	8	static
../lvgl/src/extra/libs/qrcode/qrcodegen.c:809:6:qrcodegen_isNumeric	8	static
../lvgl/src/extra/libs/qrcode/qrcodegen.c:820:8:qrcodegen_calcSegmentBufferSize	8	static
../lvgl/src/extra/libs/qrcode/qrcodegen.c:864:26:qrcodegen_makeBytes	24	static
../lvgl/src/extra/libs/qrcode/qrcodegen.c:879:26:qrcodegen_makeNumeric	48	static
../lvgl/src/extra/libs/qrcode/qrcodegen.c:913:26:qrcodegen_makeAlphanumeric	48	static
../lvgl/src/extra/libs/qrcode/qrcodegen.c:129:6:qrcodegen_encodeText	88	static
../lvgl/src/extra/libs/qrcode/qrcodegen.c:947:26:qrcodegen_makeEci	16	static
../lvgl/src/extra/libs/qrcode/qrcodegen.c:1013:5:qrcodegen_getMinFitVersion	40	static
../lvgl/src/extra/libs/qrcode/qrcodegen.c:1029:5:qrcodegen_version2size	0	static
