../lvgl/lvgl/src/widgets/lv_img.c:368:13:lv_img_constructor	16	static
../lvgl/lvgl/src/widgets/lv_img.c:394:13:lv_img_destructor	8	static
../lvgl/lvgl/src/widgets/lv_img.c:57:12:lv_img_create	8	static
../lvgl/lvgl/src/widgets/lv_img.c:69:6:lv_img_set_src	48	static
../lvgl/lvgl/src/widgets/lv_img.c:405:13:lv_img_event	144	static
../lvgl/lvgl/src/widgets/lv_img.c:162:6:lv_img_set_offset_x	0	static
../lvgl/lvgl/src/widgets/lv_img.c:174:6:lv_img_set_offset_y	0	static
../lvgl/lvgl/src/widgets/lv_img.c:186:6:lv_img_set_angle	48	static
../lvgl/lvgl/src/widgets/lv_img.c:220:6:lv_img_set_pivot	56	static
../lvgl/lvgl/src/widgets/lv_img.c:254:6:lv_img_set_zoom	48	static
../lvgl/lvgl/src/widgets/lv_img.c:288:6:lv_img_set_antialias	0	static
../lvgl/lvgl/src/widgets/lv_img.c:301:14:lv_img_get_src	0	static
../lvgl/lvgl/src/widgets/lv_img.c:310:12:lv_img_get_offset_x	0	static
../lvgl/lvgl/src/widgets/lv_img.c:319:12:lv_img_get_offset_y	0	static
../lvgl/lvgl/src/widgets/lv_img.c:328:10:lv_img_get_angle	0	static
../lvgl/lvgl/src/widgets/lv_img.c:337:6:lv_img_get_pivot	0	static
../lvgl/lvgl/src/widgets/lv_img.c:346:10:lv_img_get_zoom	0	static
../lvgl/lvgl/src/widgets/lv_img.c:355:6:lv_img_get_antialias	0	static
