../drivers/fsl_uart_edma.c:436:6:UART_TransferEdmaHandleIRQ	16	static
../drivers/fsl_uart_edma.c:100:13:UART_SendEDMACallback	8	static
../drivers/fsl_uart_edma.c:154:6:UART_TransferCreateHandleEDMA	48	static
../drivers/fsl_uart_edma.c:228:10:UART_SendEDMA	56	static
../drivers/fsl_uart_edma.c:282:10:UART_ReceiveEDMA	56	static
../drivers/fsl_uart_edma.c:331:6:UART_TransferAbortSendEDMA	8	static
../drivers/fsl_uart_edma.c:353:6:UART_TransferAbortReceiveEDMA	8	static
../drivers/fsl_uart_edma.c:122:13:UART_ReceiveEDMACallback	16	static
../drivers/fsl_uart_edma.c:379:10:UART_TransferGetReceiveCountEDMA	16	static
../drivers/fsl_uart_edma.c:410:10:UART_TransferGetSendCountEDMA	16	static
