../drivers/fsl_sai_edma.c:77:17:SAI_GetInstance.part.0	8	static
../drivers/fsl_sai_edma.c:95:13:SAI_TxEDMACallback	24	static
../drivers/fsl_sai_edma.c:133:13:SAI_RxEDMACallback	24	static
../drivers/fsl_sai_edma.c:184:6:SAI_TransferTxCreateHandleEDMA	24	static
../drivers/fsl_sai_edma.c:225:6:SAI_TransferRxCreateHandleEDMA	24	static
../drivers/fsl_sai_edma.c:270:6:SAI_TransferTxSetFormatEDMA	16	static
../drivers/fsl_sai_edma.c:322:6:SAI_TransferTxSetConfigEDMA	16	static
../drivers/fsl_sai_edma.c:377:6:SAI_TransferRxSetFormatEDMA	16	static
../drivers/fsl_sai_edma.c:429:6:SAI_TransferRxSetConfigEDMA	16	static
../drivers/fsl_sai_edma.c:486:10:SAI_TransferSendEDMA	64	static
../drivers/fsl_sai_edma.c:580:10:SAI_TransferReceiveEDMA	72	static
../drivers/fsl_sai_edma.c:670:10:SAI_TransferSendLoopEDMA	96	static
../drivers/fsl_sai_edma.c:753:10:SAI_TransferReceiveLoopEDMA	104	static
../drivers/fsl_sai_edma.c:828:6:SAI_TransferAbortSendEDMA	16	static
../drivers/fsl_sai_edma.c:868:6:SAI_TransferAbortReceiveEDMA	16	static
../drivers/fsl_sai_edma.c:908:6:SAI_TransferTerminateSendEDMA	8	static
../drivers/fsl_sai_edma.c:933:6:SAI_TransferTerminateReceiveEDMA	8	static
../drivers/fsl_sai_edma.c:958:10:SAI_TransferGetSendCountEDMA	24	static
../drivers/fsl_sai_edma.c:987:10:SAI_TransferGetReceiveCountEDMA	24	static
../drivers/fsl_sai_edma.c:1018:10:SAI_TransferGetValidTransferSlotsEDMA	0	static
