../lvgl/src/extra/widgets/tabview/lv_tabview.c:268:13:lv_tabview_destructor	16	static
../lvgl/src/extra/widgets/tabview/lv_tabview.c:198:13:lv_tabview_constructor	16	static
../lvgl/src/extra/widgets/tabview/lv_tabview.c:138:6:lv_tabview_set_act.part.0	32	static
../lvgl/src/extra/widgets/tabview/lv_tabview.c:307:13:btns_value_changed_event_cb	16	static
../lvgl/src/extra/widgets/tabview/lv_tabview.c:292:13:lv_tabview_event	16	static
../lvgl/src/extra/widgets/tabview/lv_tabview.c:316:13:cont_scroll_end_event_cb	24	static
../lvgl/src/extra/widgets/tabview/lv_tabview.c:56:12:lv_tabview_create	8	static
../lvgl/src/extra/widgets/tabview/lv_tabview.c:67:12:lv_tabview_add_tab	48	static
../lvgl/src/extra/widgets/tabview/lv_tabview.c:124:6:lv_tabview_rename_tab	24	static
../lvgl/src/extra/widgets/tabview/lv_tabview.c:138:6:lv_tabview_set_act	0	static
../lvgl/src/extra/widgets/tabview/lv_tabview.c:177:10:lv_tabview_get_tab_act	0	static
../lvgl/src/extra/widgets/tabview/lv_tabview.c:184:12:lv_tabview_get_content	0	static
../lvgl/src/extra/widgets/tabview/lv_tabview.c:189:12:lv_tabview_get_tab_btns	0	static
