../lvgl/lvgl/src/hal/lv_hal_disp.c:410:31:invalidate_layout_cb	8	static
../lvgl/lvgl/src/hal/lv_hal_disp.c:56:6:lv_disp_drv_init	8	static
../lvgl/lvgl/src/hal/lv_hal_disp.c:83:6:lv_disp_draw_buf_init	24	static
../lvgl/lvgl/src/hal/lv_hal_disp.c:99:13:lv_disp_drv_register	32	static
../lvgl/lvgl/src/hal/lv_hal_disp.c:166:6:lv_disp_drv_update	32	static
../lvgl/lvgl/src/hal/lv_hal_disp.c:206:6:lv_disp_remove	24	static
../lvgl/lvgl/src/hal/lv_hal_disp.c:246:6:lv_disp_set_default	0	static
../lvgl/lvgl/src/hal/lv_hal_disp.c:255:13:lv_disp_get_default	0	static
../lvgl/lvgl/src/hal/lv_hal_disp.c:265:12:lv_disp_get_hor_res	0	static
../lvgl/lvgl/src/hal/lv_hal_disp.c:287:12:lv_disp_get_ver_res	0	static
../lvgl/lvgl/src/hal/lv_hal_disp.c:309:6:lv_disp_get_antialiasing	0	static
../lvgl/lvgl/src/hal/lv_hal_disp.c:322:12:lv_disp_get_dpi	0	static
../lvgl/lvgl/src/hal/lv_hal_disp.c:333:31:lv_disp_flush_ready	0	static
../lvgl/lvgl/src/hal/lv_hal_disp.c:352:31:lv_disp_flush_is_last	0	static
../lvgl/lvgl/src/hal/lv_hal_disp.c:362:13:lv_disp_get_next	0	static
../lvgl/lvgl/src/hal/lv_hal_disp.c:375:22:lv_disp_get_draw_buf	0	static
../lvgl/lvgl/src/hal/lv_hal_disp.c:385:6:lv_disp_set_rotation	0	static
../lvgl/lvgl/src/hal/lv_hal_disp.c:399:15:lv_disp_get_rotation	0	static
