../lvgl/src/extra/widgets/chart/lv_chart.c:1386:13:draw_y_ticks	240	static
../lvgl/src/extra/widgets/chart/lv_chart.c:1518:13:draw_x_ticks	232	static
../lvgl/src/extra/widgets/chart/lv_chart.c:676:13:lv_chart_destructor	16	static
../lvgl/src/extra/widgets/chart/lv_chart.c:645:13:lv_chart_constructor	8	static
../lvgl/src/extra/widgets/chart/lv_chart.c:1746:13:new_points_alloc	24	static
../lvgl/src/extra/widgets/chart/lv_chart.c:1684:13:invalidate_point.part.0	40	static
../lvgl/src/extra/widgets/chart/lv_chart.c:270:6:lv_chart_get_point_pos_by_id.part.0	72	static
../lvgl/src/extra/widgets/chart/lv_chart.c:704:13:lv_chart_event	384	static
../lvgl/src/extra/widgets/chart/lv_chart.c:67:12:lv_chart_create	8	static
../lvgl/src/extra/widgets/chart/lv_chart.c:75:6:lv_chart_set_type	24	static
../lvgl/src/extra/widgets/chart/lv_chart.c:104:6:lv_chart_set_point_count	24	static
../lvgl/src/extra/widgets/chart/lv_chart.c:128:6:lv_chart_set_range	0	static
../lvgl/src/extra/widgets/chart/lv_chart.c:160:6:lv_chart_set_update_mode	0	static
../lvgl/src/extra/widgets/chart/lv_chart.c:171:6:lv_chart_set_div_line_count	0	static
../lvgl/src/extra/widgets/chart/lv_chart.c:185:6:lv_chart_set_zoom_x	8	static
../lvgl/src/extra/widgets/chart/lv_chart.c:199:6:lv_chart_set_zoom_y	8	static
../lvgl/src/extra/widgets/chart/lv_chart.c:213:10:lv_chart_get_zoom_x	0	static
../lvgl/src/extra/widgets/chart/lv_chart.c:221:10:lv_chart_get_zoom_y	0	static
../lvgl/src/extra/widgets/chart/lv_chart.c:229:6:lv_chart_set_axis_tick	16	static
../lvgl/src/extra/widgets/chart/lv_chart.c:246:17:lv_chart_get_type	0	static
../lvgl/src/extra/widgets/chart/lv_chart.c:254:10:lv_chart_get_point_count	0	static
../lvgl/src/extra/widgets/chart/lv_chart.c:262:10:lv_chart_get_x_start_point	0	static
../lvgl/src/extra/widgets/chart/lv_chart.c:270:6:lv_chart_get_point_pos_by_id	12	static
../lvgl/src/extra/widgets/chart/lv_chart.c:331:6:lv_chart_refresh	0	static
../lvgl/src/extra/widgets/chart/lv_chart.c:342:21:lv_chart_add_series	24	static
../lvgl/src/extra/widgets/chart/lv_chart.c:385:6:lv_chart_remove_series	16	static
../lvgl/src/extra/widgets/chart/lv_chart.c:399:6:lv_chart_hide_series	0	static
../lvgl/src/extra/widgets/chart/lv_chart.c:409:6:lv_chart_set_series_color	0	static
../lvgl/src/extra/widgets/chart/lv_chart.c:418:6:lv_chart_set_x_start_point	0	static
../lvgl/src/extra/widgets/chart/lv_chart.c:428:21:lv_chart_get_series_next	0	static
../lvgl/src/extra/widgets/chart/lv_chart.c:448:22:lv_chart_add_cursor	16	static
../lvgl/src/extra/widgets/chart/lv_chart.c:474:6:lv_chart_set_cursor_pos	0	static
../lvgl/src/extra/widgets/chart/lv_chart.c:493:6:lv_chart_set_cursor_point	16	static
../lvgl/src/extra/widgets/chart/lv_chart.c:511:12:lv_chart_get_cursor_point	8	static
../lvgl/src/extra/widgets/chart/lv_chart.c:524:6:lv_chart_set_all_value	8	static
../lvgl/src/extra/widgets/chart/lv_chart.c:538:6:lv_chart_set_next_value	16	static
../lvgl/src/extra/widgets/chart/lv_chart.c:550:6:lv_chart_set_next_value2	8	static
../lvgl/src/extra/widgets/chart/lv_chart.c:568:6:lv_chart_set_value_by_id	4	static
../lvgl/src/extra/widgets/chart/lv_chart.c:579:6:lv_chart_set_value_by_id2	12	static
../lvgl/src/extra/widgets/chart/lv_chart.c:597:6:lv_chart_set_ext_y_array	16	static
../lvgl/src/extra/widgets/chart/lv_chart.c:608:6:lv_chart_set_ext_x_array	16	static
../lvgl/src/extra/widgets/chart/lv_chart.c:619:14:lv_chart_get_y_array	0	static
../lvgl/src/extra/widgets/chart/lv_chart.c:627:14:lv_chart_get_x_array	0	static
../lvgl/src/extra/widgets/chart/lv_chart.c:635:10:lv_chart_get_pressed_point	0	static
../lvgl/src/extra/widgets/chart/lv_chart.c:1792:23:get_tick_gsc	0	static
