../lvgl/src/core/lv_disp.c:499:13:opa_scale_anim	0	static
../lvgl/src/core/lv_disp.c:509:13:set_y_anim	0	static
../lvgl/src/core/lv_disp.c:504:13:set_x_anim	0	static
../lvgl/src/core/lv_disp.c:514:13:scr_anim_ready	16	static
../lvgl/src/core/lv_disp.c:471:13:scr_load_internal	16	static
../lvgl/src/core/lv_disp.c:489:13:scr_load_anim_start	16	static
../lvgl/src/core/lv_disp.c:51:12:lv_disp_get_scr_act	8	static
../lvgl/src/core/lv_disp.c:68:12:lv_disp_get_scr_prev	8	static
../lvgl/src/core/lv_disp.c:93:12:lv_disp_get_layer_top	8	static
../lvgl/src/core/lv_disp.c:110:12:lv_disp_get_layer_sys	8	static
../lvgl/src/core/lv_disp.c:125:6:lv_disp_set_theme	16	static
../lvgl/src/core/lv_disp.c:147:14:lv_disp_get_theme	8	static
../lvgl/src/core/lv_disp.c:158:6:lv_disp_set_bg_color	32	static
../lvgl/src/core/lv_disp.c:179:6:lv_disp_set_bg_image	32	static
../lvgl/src/core/lv_disp.c:199:6:lv_disp_set_bg_opa	32	static
../lvgl/src/core/lv_disp.c:222:6:lv_scr_load_anim	176	static
../lvgl/src/core/lv_disp.c:83:6:lv_disp_load_scr	16	static
../lvgl/src/core/lv_disp.c:371:10:lv_disp_get_inactive_time	16	static
../lvgl/src/core/lv_disp.c:391:6:lv_disp_trig_activity	8	static
../lvgl/src/core/lv_disp.c:406:6:lv_disp_clean_dcache	8	static
../lvgl/src/core/lv_disp.c:423:6:lv_disp_enable_invalidation	8	static
../lvgl/src/core/lv_disp.c:439:6:lv_disp_is_invalidation_enabled	8	static
../lvgl/src/core/lv_disp.c:456:14:_lv_disp_get_refr_timer	8	static
