../lvgl/src/core/lv_group.c:477:21:get_indev	24	static
../lvgl/src/core/lv_group.c:394:13:focus_next_core	32	static
../lvgl/src/core/lv_group.c:380:13:lv_group_refocus	16	static
../lvgl/src/core/lv_group.c:46:6:_lv_group_init	0	static
../lvgl/src/core/lv_group.c:51:14:lv_group_create	8	static
../lvgl/src/core/lv_group.c:73:6:lv_group_del	24	static
../lvgl/src/core/lv_group.c:102:6:lv_group_set_default	0	static
../lvgl/src/core/lv_group.c:107:14:lv_group_get_default	0	static
../lvgl/src/core/lv_group.c:176:6:lv_group_remove_obj	24	static
../lvgl/src/core/lv_group.c:112:6:lv_group_add_obj	16	static
../lvgl/src/core/lv_group.c:217:6:lv_group_remove_all_objs	16	static
../lvgl/src/core/lv_group.c:268:6:lv_group_focus_next	8	static
../lvgl/src/core/lv_group.c:277:6:lv_group_focus_prev	8	static
../lvgl/src/core/lv_group.c:286:6:lv_group_focus_freeze	0	static
../lvgl/src/core/lv_group.c:292:10:lv_group_send_data	16	static
../lvgl/src/core/lv_group.c:302:6:lv_group_set_focus_cb	0	static
../lvgl/src/core/lv_group.c:307:6:lv_group_set_edge_cb	0	static
../lvgl/src/core/lv_group.c:312:6:lv_group_set_editing	8	static
../lvgl/src/core/lv_group.c:235:6:lv_group_focus_obj.part.0	24	static
../lvgl/src/core/lv_group.c:235:6:lv_group_focus_obj	0	static
../lvgl/src/core/lv_group.c:157:6:lv_group_swap_obj	16	static
../lvgl/src/core/lv_group.c:330:6:lv_group_set_refocus_policy	0	static
../lvgl/src/core/lv_group.c:335:6:lv_group_set_wrap	0	static
../lvgl/src/core/lv_group.c:340:12:lv_group_get_focused	0	static
../lvgl/src/core/lv_group.c:348:21:lv_group_get_focus_cb	0	static
../lvgl/src/core/lv_group.c:354:20:lv_group_get_edge_cb	0	static
../lvgl/src/core/lv_group.c:360:6:lv_group_get_editing	0	static
../lvgl/src/core/lv_group.c:366:6:lv_group_get_wrap	0	static
../lvgl/src/core/lv_group.c:372:10:lv_group_get_obj_count	0	static
