../lvgl/src/core/lv_indev_scroll.c:511:19:find_snap_point_y	64	static
../lvgl/src/core/lv_indev_scroll.c:456:19:find_snap_point_x	64	static
../lvgl/src/core/lv_indev_scroll.c:613:19:elastic_diff.part.0	32	static
../lvgl/src/core/lv_indev_scroll.c:47:6:_lv_indev_scroll_handler	88	static
../lvgl/src/core/lv_indev_scroll.c:113:6:_lv_indev_scroll_throw_handler	56	static
../lvgl/src/core/lv_indev_scroll.c:224:12:lv_indev_scroll_throw_predict	8	static
../lvgl/src/core/lv_indev_scroll.c:249:6:lv_indev_scroll_get_snap_dist	16	static
