../lvgl/src/core/lv_indev.c:951:13:indev_proc_release	40	static
../lvgl/src/core/lv_indev.c:124:6:lv_indev_enable	8	static
../lvgl/src/core/lv_indev.c:140:14:lv_indev_get_act	0	static
../lvgl/src/core/lv_indev.c:145:17:lv_indev_get_type	0	static
../lvgl/src/core/lv_indev.c:152:6:lv_indev_reset	16	static
../lvgl/src/core/lv_indev.c:190:6:lv_indev_reset_long_press	8	static
../lvgl/src/core/lv_indev.c:197:6:lv_indev_set_cursor	16	static
../lvgl/src/core/lv_indev.c:208:6:lv_indev_set_group	0	static
../lvgl/src/core/lv_indev.c:215:6:lv_indev_set_button_points	0	static
../lvgl/src/core/lv_indev.c:222:6:lv_indev_get_point	0	static
../lvgl/src/core/lv_indev.c:239:10:lv_indev_get_gesture_dir	0	static
../lvgl/src/core/lv_indev.c:244:10:lv_indev_get_key	0	static
../lvgl/src/core/lv_indev.c:252:10:lv_indev_get_scroll_dir	0	static
../lvgl/src/core/lv_indev.c:259:12:lv_indev_get_scroll_obj	0	static
../lvgl/src/core/lv_indev.c:266:6:lv_indev_get_vect	0	static
../lvgl/src/core/lv_indev.c:279:6:lv_indev_wait_release	0	static
../lvgl/src/core/lv_indev.c:285:12:lv_indev_get_obj_act	0	static
../lvgl/src/core/lv_indev.c:290:14:lv_indev_get_read_timer	0	static
../lvgl/src/core/lv_indev.c:301:12:lv_indev_search_obj	24	static
../lvgl/src/core/lv_indev.c:818:13:indev_proc_press	24	static
../lvgl/src/core/lv_indev.c:65:6:lv_indev_read_timer_cb	64	static
