../lvgl/src/core/lv_obj.c:484:13:lv_obj_draw	184	static
../lvgl/src/core/lv_obj.c:451:13:lv_obj_destructor	8	static
../lvgl/src/core/lv_obj.c:420:13:lv_obj_constructor	24	static
../lvgl/src/core/lv_obj.c:881:13:lv_obj_set_state	88	static
../lvgl/src/core/lv_obj.c:954:13:obj_valid_child.isra	24	static
../lvgl/src/core/lv_obj.c:726:13:lv_obj_event	40	static
../lvgl/src/core/lv_obj.c:94:6:lv_is_initialized	0	static
../lvgl/src/core/lv_obj.c:99:6:lv_init	8	static
../lvgl/src/core/lv_obj.c:198:6:lv_deinit	8	static
../lvgl/src/core/lv_obj.c:214:12:lv_obj_create	8	static
../lvgl/src/core/lv_obj.c:230:6:lv_obj_add_flag	40	static
../lvgl/src/core/lv_obj.c:267:6:lv_obj_clear_flag	32	static
../lvgl/src/core/lv_obj.c:295:6:lv_obj_add_state	0	static
../lvgl/src/core/lv_obj.c:305:6:lv_obj_clear_state	0	static
../lvgl/src/core/lv_obj.c:319:6:lv_obj_has_flag	0	static
../lvgl/src/core/lv_obj.c:326:6:lv_obj_has_flag_any	0	static
../lvgl/src/core/lv_obj.c:333:12:lv_obj_get_state	0	static
../lvgl/src/core/lv_obj.c:340:6:lv_obj_has_state	0	static
../lvgl/src/core/lv_obj.c:347:8:lv_obj_get_group	0	static
../lvgl/src/core/lv_obj.c:359:6:lv_obj_allocate_spec_attr	8	static
../lvgl/src/core/lv_obj.c:377:6:lv_obj_check_type	0	static
../lvgl/src/core/lv_obj.c:383:6:lv_obj_has_class	0	static
../lvgl/src/core/lv_obj.c:394:24:lv_obj_get_class	0	static
../lvgl/src/core/lv_obj.c:399:6:lv_obj_is_valid	24	static
