../lvgl/lvgl/src/widgets/lv_dropdown.c:592:13:lv_dropdownlist_destructor	0	static
../lvgl/lvgl/src/widgets/lv_dropdown.c:581:13:lv_dropdownlist_constructor	8	static
../lvgl/lvgl/src/widgets/lv_dropdown.c:565:13:lv_dropdown_destructor	16	static
../lvgl/lvgl/src/widgets/lv_dropdown.c:157:6:lv_dropdown_set_options_static.part.0.constprop	16	static
../lvgl/lvgl/src/widgets/lv_dropdown.c:539:13:lv_dropdown_constructor	16	static
../lvgl/lvgl/src/widgets/lv_dropdown.c:1017:17:get_id_on_point	24	static
../lvgl/lvgl/src/widgets/lv_dropdown.c:1041:13:position_to_selected	16	static
../lvgl/lvgl/src/widgets/lv_dropdown.c:881:13:draw_box	104	static
../lvgl/lvgl/src/widgets/lv_dropdown.c:919:13:draw_box_label	80	static
../lvgl/lvgl/src/widgets/lv_dropdown.c:704:13:lv_dropdown_list_event	32	static
../lvgl/lvgl/src/widgets/lv_dropdown.c:90:12:lv_dropdown_create	8	static
../lvgl/lvgl/src/widgets/lv_dropdown.c:102:6:lv_dropdown_set_text	0	static
../lvgl/lvgl/src/widgets/lv_dropdown.c:113:6:lv_dropdown_set_options	24	static
../lvgl/lvgl/src/widgets/lv_dropdown.c:157:6:lv_dropdown_set_options_static	0	static
../lvgl/lvgl/src/widgets/lv_dropdown.c:183:6:lv_dropdown_add_option	32	static
../lvgl/lvgl/src/widgets/lv_dropdown.c:253:6:lv_dropdown_clear_options	8	static
../lvgl/lvgl/src/widgets/lv_dropdown.c:269:6:lv_dropdown_set_selected	0	static
../lvgl/lvgl/src/widgets/lv_dropdown.c:282:6:lv_dropdown_set_dir	0	static
../lvgl/lvgl/src/widgets/lv_dropdown.c:294:6:lv_dropdown_set_symbol	0	static
../lvgl/lvgl/src/widgets/lv_dropdown.c:303:6:lv_dropdown_set_selected_highlight	0	static
../lvgl/lvgl/src/widgets/lv_dropdown.c:316:12:lv_dropdown_get_list	0	static
../lvgl/lvgl/src/widgets/lv_dropdown.c:325:14:lv_dropdown_get_text	0	static
../lvgl/lvgl/src/widgets/lv_dropdown.c:333:14:lv_dropdown_get_options	0	static
../lvgl/lvgl/src/widgets/lv_dropdown.c:341:10:lv_dropdown_get_selected	0	static
../lvgl/lvgl/src/widgets/lv_dropdown.c:350:10:lv_dropdown_get_option_cnt	0	static
../lvgl/lvgl/src/widgets/lv_dropdown.c:359:6:lv_dropdown_get_selected_str	24	static
../lvgl/lvgl/src/widgets/lv_dropdown.c:385:14:lv_dropdown_get_symbol	0	static
../lvgl/lvgl/src/widgets/lv_dropdown.c:392:6:lv_dropdown_get_selected_highlight	0	static
../lvgl/lvgl/src/widgets/lv_dropdown.c:399:10:lv_dropdown_get_dir	0	static
../lvgl/lvgl/src/widgets/lv_dropdown.c:410:6:lv_dropdown_open	32	static
../lvgl/lvgl/src/widgets/lv_dropdown.c:601:13:lv_dropdown_event	152	static
../lvgl/lvgl/src/widgets/lv_dropdown.c:516:6:lv_dropdown_close	8	static
