../lvgl/lvgl/src/widgets/lv_table.c:792:19:get_row_height	96	static
../lvgl/lvgl/src/widgets/lv_table.c:765:13:refr_size	80	static
../lvgl/lvgl/src/widgets/lv_table.c:581:13:draw_main	416	static
../lvgl/lvgl/src/widgets/lv_table.c:451:13:lv_table_destructor	16	static
../lvgl/lvgl/src/widgets/lv_table.c:432:13:lv_table_constructor	8	static
../lvgl/lvgl/src/widgets/lv_table.c:468:13:lv_table_event	32	static
../lvgl/lvgl/src/widgets/lv_table.c:64:12:lv_table_create	8	static
../lvgl/lvgl/src/widgets/lv_table.c:205:6:lv_table_set_row_cnt	16	static
../lvgl/lvgl/src/widgets/lv_table.c:114:6:lv_table_set_cell_value_fmt	68	static
../lvgl/lvgl/src/widgets/lv_table.c:241:6:lv_table_set_col_cnt	32	static
../lvgl/lvgl/src/widgets/lv_table.c:76:6:lv_table_set_cell_value	32	static
../lvgl/lvgl/src/widgets/lv_table.c:295:6:lv_table_set_col_width	16	static
../lvgl/lvgl/src/widgets/lv_table.c:308:6:lv_table_add_cell_ctrl	24	static
../lvgl/lvgl/src/widgets/lv_table.c:332:6:lv_table_clear_cell_ctrl	24	static
../lvgl/lvgl/src/widgets/lv_table.c:360:14:lv_table_get_cell_value	0	static
../lvgl/lvgl/src/widgets/lv_table.c:376:10:lv_table_get_row_cnt	0	static
../lvgl/lvgl/src/widgets/lv_table.c:384:10:lv_table_get_col_cnt	0	static
../lvgl/lvgl/src/widgets/lv_table.c:392:12:lv_table_get_col_width	0	static
../lvgl/lvgl/src/widgets/lv_table.c:406:6:lv_table_has_cell_ctrl	0	static
../lvgl/lvgl/src/widgets/lv_table.c:421:6:lv_table_get_selected_cell	0	static
