../lvgl/lvgl/src/widgets/lv_textarea.c:942:13:pwd_char_hider_anim	0	static
../lvgl/lvgl/src/widgets/lv_textarea.c:1049:13:refr_cursor_area	72	static
../lvgl/lvgl/src/widgets/lv_textarea.c:832:13:lv_textarea_destructor	8	static
../lvgl/lvgl/src/widgets/lv_textarea.c:920:13:cursor_blink_anim_cb	16	static
../lvgl/lvgl/src/widgets/lv_textarea.c:1028:13:start_cursor_blink	88	static
../lvgl/lvgl/src/widgets/lv_textarea.c:962:13:pwd_char_hider.part.0	56	static
../lvgl/lvgl/src/widgets/lv_textarea.c:952:13:pwd_char_hider_anim_ready	0	static
../lvgl/lvgl/src/widgets/lv_textarea.c:84:12:lv_textarea_create	8	static
../lvgl/lvgl/src/widgets/lv_textarea.c:349:6:lv_textarea_set_placeholder_text	16	static
../lvgl/lvgl/src/widgets/lv_textarea.c:385:6:lv_textarea_set_cursor_pos	48	static
../lvgl/lvgl/src/widgets/lv_textarea.c:798:13:lv_textarea_constructor	16	static
../lvgl/lvgl/src/widgets/lv_textarea.c:440:6:lv_textarea_set_cursor_click_pos	0	static
../lvgl/lvgl/src/widgets/lv_textarea.c:481:6:lv_textarea_set_one_line	16	static
../lvgl/lvgl/src/widgets/lv_textarea.c:503:6:lv_textarea_set_accepted_chars	0	static
../lvgl/lvgl/src/widgets/lv_textarea.c:512:6:lv_textarea_set_max_length	0	static
../lvgl/lvgl/src/widgets/lv_textarea.c:521:6:lv_textarea_set_insert_replace	0	static
../lvgl/lvgl/src/widgets/lv_textarea.c:545:6:lv_textarea_set_password_show_time	0	static
../lvgl/lvgl/src/widgets/lv_textarea.c:553:6:lv_textarea_set_align	16	static
../lvgl/lvgl/src/widgets/lv_textarea.c:575:14:lv_textarea_get_text	0	static
../lvgl/lvgl/src/widgets/lv_textarea.c:592:14:lv_textarea_get_placeholder_text	0	static
../lvgl/lvgl/src/widgets/lv_textarea.c:601:12:lv_textarea_get_label	0	static
../lvgl/lvgl/src/widgets/lv_textarea.c:609:10:lv_textarea_get_cursor_pos	0	static
../lvgl/lvgl/src/widgets/lv_textarea.c:617:6:lv_textarea_get_cursor_click_pos	0	static
../lvgl/lvgl/src/widgets/lv_textarea.c:625:6:lv_textarea_get_password_mode	0	static
../lvgl/lvgl/src/widgets/lv_textarea.c:633:6:lv_textarea_get_one_line	0	static
../lvgl/lvgl/src/widgets/lv_textarea.c:641:14:lv_textarea_get_accepted_chars	0	static
../lvgl/lvgl/src/widgets/lv_textarea.c:650:10:lv_textarea_get_max_length	0	static
../lvgl/lvgl/src/widgets/lv_textarea.c:658:6:lv_textarea_text_is_selected	16	static
../lvgl/lvgl/src/widgets/lv_textarea.c:678:6:lv_textarea_get_text_selection	0	static
../lvgl/lvgl/src/widgets/lv_textarea.c:691:10:lv_textarea_get_password_show_time	0	static
../lvgl/lvgl/src/widgets/lv_textarea.c:704:6:lv_textarea_clear_selection	16	static
../lvgl/lvgl/src/widgets/lv_textarea.c:170:6:lv_textarea_add_text	96	static
../lvgl/lvgl/src/widgets/lv_textarea.c:1253:17:insert_handler	16	static
../lvgl/lvgl/src/widgets/lv_textarea.c:96:6:lv_textarea_add_char	112	static
../lvgl/lvgl/src/widgets/lv_textarea.c:232:6:lv_textarea_del_char	24	static
../lvgl/lvgl/src/widgets/lv_textarea.c:276:6:lv_textarea_del_char_forward	16	static
../lvgl/lvgl/src/widgets/lv_textarea.c:289:6:lv_textarea_set_text	96	static
../lvgl/lvgl/src/widgets/lv_textarea.c:448:6:lv_textarea_set_password_mode	16	static
../lvgl/lvgl/src/widgets/lv_textarea.c:529:6:lv_textarea_set_text_selection	0	static
../lvgl/lvgl/src/widgets/lv_textarea.c:721:6:lv_textarea_cursor_right	0	static
../lvgl/lvgl/src/widgets/lv_textarea.c:730:6:lv_textarea_cursor_left	0	static
../lvgl/lvgl/src/widgets/lv_textarea.c:741:6:lv_textarea_cursor_down	24	static
../lvgl/lvgl/src/widgets/lv_textarea.c:770:6:lv_textarea_cursor_up	24	static
../lvgl/lvgl/src/widgets/lv_textarea.c:847:13:lv_textarea_event	136	static
