../lvgl/lvgl/src/core/lv_group.c:414:21:get_indev	24	static
../lvgl/lvgl/src/core/lv_group.c:344:13:focus_next_core.part.0	32	static
../lvgl/lvgl/src/core/lv_group.c:330:13:lv_group_refocus	16	static
../lvgl/lvgl/src/core/lv_group.c:45:6:_lv_group_init	0	static
../lvgl/lvgl/src/core/lv_group.c:50:14:lv_group_create	8	static
../lvgl/lvgl/src/core/lv_group.c:71:6:lv_group_del	16	static
../lvgl/lvgl/src/core/lv_group.c:90:6:lv_group_set_default	0	static
../lvgl/lvgl/src/core/lv_group.c:95:14:lv_group_get_default	0	static
../lvgl/lvgl/src/core/lv_group.c:100:6:lv_group_add_obj	16	static
../lvgl/lvgl/src/core/lv_group.c:142:6:lv_group_remove_obj	24	static
../lvgl/lvgl/src/core/lv_group.c:183:6:lv_group_remove_all_objs	16	static
../lvgl/lvgl/src/core/lv_group.c:234:6:lv_group_focus_next	0	static
../lvgl/lvgl/src/core/lv_group.c:239:6:lv_group_focus_prev	0	static
../lvgl/lvgl/src/core/lv_group.c:244:6:lv_group_focus_freeze	0	static
../lvgl/lvgl/src/core/lv_group.c:250:10:lv_group_send_data	16	static
../lvgl/lvgl/src/core/lv_group.c:263:6:lv_group_set_focus_cb	0	static
../lvgl/lvgl/src/core/lv_group.c:268:6:lv_group_set_editing	8	static
../lvgl/lvgl/src/core/lv_group.c:201:6:lv_group_focus_obj	24	static
../lvgl/lvgl/src/core/lv_group.c:286:6:lv_group_set_refocus_policy	0	static
../lvgl/lvgl/src/core/lv_group.c:291:6:lv_group_set_wrap	0	static
../lvgl/lvgl/src/core/lv_group.c:296:12:lv_group_get_focused	0	static
../lvgl/lvgl/src/core/lv_group.c:304:21:lv_group_get_focus_cb	0	static
../lvgl/lvgl/src/core/lv_group.c:310:6:lv_group_get_editing	0	static
../lvgl/lvgl/src/core/lv_group.c:316:6:lv_group_get_wrap	0	static
../lvgl/lvgl/src/core/lv_group.c:322:10:lv_group_get_obj_count	0	static
