../lvgl/lvgl/src/core/lv_obj.c:396:13:lv_obj_destructor	8	static
../lvgl/lvgl/src/core/lv_obj.c:366:13:lv_obj_constructor	24	static
../lvgl/lvgl/src/core/lv_obj.c:739:13:lv_obj_set_state	88	static
../lvgl/lvgl/src/core/lv_obj.c:812:13:obj_valid_child.isra	24	static
../lvgl/lvgl/src/core/lv_obj.c:613:13:lv_obj_event	96	static
../lvgl/lvgl/src/core/lv_obj.c:87:6:lv_init	8	static
../lvgl/lvgl/src/core/lv_obj.c:170:6:lv_deinit	8	static
../lvgl/lvgl/src/core/lv_obj.c:186:12:lv_obj_create	8	static
../lvgl/lvgl/src/core/lv_obj.c:202:6:lv_obj_add_flag	16	static
../lvgl/lvgl/src/core/lv_obj.c:221:6:lv_obj_clear_flag	16	static
../lvgl/lvgl/src/core/lv_obj.c:241:6:lv_obj_add_state	0	static
../lvgl/lvgl/src/core/lv_obj.c:251:6:lv_obj_clear_state	0	static
../lvgl/lvgl/src/core/lv_obj.c:265:6:lv_obj_has_flag	0	static
../lvgl/lvgl/src/core/lv_obj.c:272:6:lv_obj_has_flag_any	0	static
../lvgl/lvgl/src/core/lv_obj.c:279:12:lv_obj_get_state	0	static
../lvgl/lvgl/src/core/lv_obj.c:286:6:lv_obj_has_state	0	static
../lvgl/lvgl/src/core/lv_obj.c:293:8:lv_obj_get_group	0	static
../lvgl/lvgl/src/core/lv_obj.c:305:6:lv_obj_allocate_spec_attr	8	static
../lvgl/lvgl/src/core/lv_obj.c:323:6:lv_obj_check_type	0	static
../lvgl/lvgl/src/core/lv_obj.c:329:6:lv_obj_has_class	0	static
../lvgl/lvgl/src/core/lv_obj.c:340:24:lv_obj_get_class	0	static
../lvgl/lvgl/src/core/lv_obj.c:345:6:lv_obj_is_valid	24	static
