../lvgl/src/widgets/lv_btnmatrix.c:955:17:get_button_from_point	80	static
../lvgl/src/widgets/lv_btnmatrix.c:685:13:draw_main	368	static
../lvgl/src/widgets/lv_btnmatrix.c:392:13:lv_btnmatrix_destructor	8	static
../lvgl/src/widgets/lv_btnmatrix.c:1008:13:invalidate_button_area.part.0	40	static
../lvgl/src/widgets/lv_btnmatrix.c:93:6:lv_btnmatrix_set_map.part.0	120	static
../lvgl/src/widgets/lv_btnmatrix.c:374:13:lv_btnmatrix_constructor	0	static
../lvgl/src/widgets/lv_btnmatrix.c:207:6:lv_btnmatrix_set_btn_ctrl.part.0	24	static
../lvgl/src/widgets/lv_btnmatrix.c:1051:13:make_one_button_checked	24	static
../lvgl/src/widgets/lv_btnmatrix.c:404:13:lv_btnmatrix_event	40	static
../lvgl/src/widgets/lv_btnmatrix.c:81:12:lv_btnmatrix_create	8	static
../lvgl/src/widgets/lv_btnmatrix.c:93:6:lv_btnmatrix_set_map	0	static
../lvgl/src/widgets/lv_btnmatrix.c:184:6:lv_btnmatrix_set_ctrl_map	8	static
../lvgl/src/widgets/lv_btnmatrix.c:194:6:lv_btnmatrix_set_selected_btn	16	static
../lvgl/src/widgets/lv_btnmatrix.c:207:6:lv_btnmatrix_set_btn_ctrl	0	static
../lvgl/src/widgets/lv_btnmatrix.c:240:6:lv_btnmatrix_clear_btn_ctrl	24	static
../lvgl/src/widgets/lv_btnmatrix.c:261:6:lv_btnmatrix_set_btn_ctrl_all	16	static
../lvgl/src/widgets/lv_btnmatrix.c:272:6:lv_btnmatrix_clear_btn_ctrl_all	32	static
../lvgl/src/widgets/lv_btnmatrix.c:283:6:lv_btnmatrix_set_btn_width	8	static
../lvgl/src/widgets/lv_btnmatrix.c:295:6:lv_btnmatrix_set_one_checked	0	static
../lvgl/src/widgets/lv_btnmatrix.c:310:15:lv_btnmatrix_get_map	0	static
../lvgl/src/widgets/lv_btnmatrix.c:318:10:lv_btnmatrix_get_selected_btn	0	static
../lvgl/src/widgets/lv_btnmatrix.c:326:14:lv_btnmatrix_get_btn_text	24	static
../lvgl/src/widgets/lv_btnmatrix.c:351:6:lv_btnmatrix_has_btn_ctrl	0	static
../lvgl/src/widgets/lv_btnmatrix.c:361:6:lv_btnmatrix_get_one_checked	0	static
