../lvgl/src/widgets/lv_canvas.c:786:13:lv_canvas_destructor	0	static
../lvgl/src/widgets/lv_canvas.c:767:13:lv_canvas_constructor	0	static
../lvgl/src/widgets/lv_canvas.c:796:13:init_fake_disp	24	static
../lvgl/src/widgets/lv_canvas.c:55:12:lv_canvas_create	8	static
../lvgl/src/widgets/lv_canvas.c:67:6:lv_canvas_set_buffer	8	static
../lvgl/src/widgets/lv_canvas.c:83:6:lv_canvas_set_px_color	8	static
../lvgl/src/widgets/lv_canvas.c:93:6:lv_canvas_set_px_opa	8	static
../lvgl/src/widgets/lv_canvas.c:103:6:lv_canvas_set_palette	8	static
../lvgl/src/widgets/lv_canvas.c:117:12:lv_canvas_get_px	16	static
../lvgl/src/widgets/lv_canvas.c:127:16:lv_canvas_get_img	0	static
../lvgl/src/widgets/lv_canvas.c:139:6:lv_canvas_copy_buf	32	static
../lvgl/src/widgets/lv_canvas.c:162:6:lv_canvas_transform	120	static
../lvgl/src/widgets/lv_canvas.c:227:6:lv_canvas_blur_hor	128	static
../lvgl/src/widgets/lv_canvas.c:355:6:lv_canvas_blur_ver	128	static
../lvgl/src/widgets/lv_canvas.c:488:6:lv_canvas_fill_bg	40	static
../lvgl/src/widgets/lv_canvas.c:517:6:lv_canvas_draw_rect	496	static
../lvgl/src/widgets/lv_canvas.c:561:6:lv_canvas_draw_text	496	static
../lvgl/src/widgets/lv_canvas.c:597:6:lv_canvas_draw_img	496	static
../lvgl/src/widgets/lv_canvas.c:640:6:lv_canvas_draw_line	488	static
../lvgl/src/widgets/lv_canvas.c:682:6:lv_canvas_draw_polygon	480	static
../lvgl/src/widgets/lv_canvas.c:720:6:lv_canvas_draw_arc	496	static
