../lvgl/src/widgets/lv_dropdown.c:643:13:lv_dropdownlist_destructor	0	static
../lvgl/src/widgets/lv_dropdown.c:628:13:lv_dropdownlist_constructor	8	static
../lvgl/src/widgets/lv_dropdown.c:612:13:lv_dropdown_destructor	16	static
../lvgl/src/widgets/lv_dropdown.c:162:6:lv_dropdown_set_options_static.part.0.constprop	16	static
../lvgl/src/widgets/lv_dropdown.c:582:13:lv_dropdown_constructor	16	static
../lvgl/src/widgets/lv_dropdown.c:1100:17:get_id_on_point	24	static
../lvgl/src/widgets/lv_dropdown.c:1124:13:position_to_selected	16	static
../lvgl/src/widgets/lv_dropdown.c:928:13:draw_box	104	static
../lvgl/src/widgets/lv_dropdown.c:966:13:draw_box_label	80	static
../lvgl/src/widgets/lv_dropdown.c:742:13:lv_dropdown_list_event	32	static
../lvgl/src/widgets/lv_dropdown.c:92:12:lv_dropdown_create	8	static
../lvgl/src/widgets/lv_dropdown.c:104:6:lv_dropdown_set_text	0	static
../lvgl/src/widgets/lv_dropdown.c:115:6:lv_dropdown_set_options	24	static
../lvgl/src/widgets/lv_dropdown.c:162:6:lv_dropdown_set_options_static	0	static
../lvgl/src/widgets/lv_dropdown.c:191:6:lv_dropdown_add_option	32	static
../lvgl/src/widgets/lv_dropdown.c:262:6:lv_dropdown_clear_options	8	static
../lvgl/src/widgets/lv_dropdown.c:279:6:lv_dropdown_set_selected	8	static
../lvgl/src/widgets/lv_dropdown.c:296:6:lv_dropdown_set_dir	0	static
../lvgl/src/widgets/lv_dropdown.c:308:6:lv_dropdown_set_symbol	0	static
../lvgl/src/widgets/lv_dropdown.c:317:6:lv_dropdown_set_selected_highlight	0	static
../lvgl/src/widgets/lv_dropdown.c:330:12:lv_dropdown_get_list	0	static
../lvgl/src/widgets/lv_dropdown.c:338:14:lv_dropdown_get_text	0	static
../lvgl/src/widgets/lv_dropdown.c:346:14:lv_dropdown_get_options	0	static
../lvgl/src/widgets/lv_dropdown.c:354:10:lv_dropdown_get_selected	0	static
../lvgl/src/widgets/lv_dropdown.c:363:10:lv_dropdown_get_option_cnt	0	static
../lvgl/src/widgets/lv_dropdown.c:372:6:lv_dropdown_get_selected_str	24	static
../lvgl/src/widgets/lv_dropdown.c:406:9:lv_dropdown_get_option_index	24	static
../lvgl/src/widgets/lv_dropdown.c:426:14:lv_dropdown_get_symbol	0	static
../lvgl/src/widgets/lv_dropdown.c:433:6:lv_dropdown_get_selected_highlight	0	static
../lvgl/src/widgets/lv_dropdown.c:440:10:lv_dropdown_get_dir	0	static
../lvgl/src/widgets/lv_dropdown.c:451:6:lv_dropdown_open	32	static
../lvgl/src/widgets/lv_dropdown.c:1013:17:btn_release_handler.isra	24	static
../lvgl/src/widgets/lv_dropdown.c:652:13:lv_dropdown_event	152	static
../lvgl/src/widgets/lv_dropdown.c:549:6:lv_dropdown_close	8	static
../lvgl/src/widgets/lv_dropdown.c:562:6:lv_dropdown_is_open	8	static
