../drivers/fsl_dspi.c:127:10:DSPI_GetInstance.part.0	8	static
../drivers/fsl_dspi.c:423:10:DSPI_MasterSetBaudRate.part.0	56	static
../drivers/fsl_dspi.c:518:6:DSPI_MasterSetDelayScaler.part.0	8	static
../drivers/fsl_dspi.c:1438:13:DSPI_MasterTransferFillUpTxFifo	16	static
../drivers/fsl_dspi.c:1598:6:DSPI_MasterTransferHandleIRQ	16	static
../drivers/fsl_dspi.c:2000:6:DSPI_SlaveTransferHandleIRQ	16	static
../drivers/fsl_dspi.c:127:10:DSPI_GetInstance	8	static
../drivers/fsl_dspi.c:153:9:DSPI_GetDummyDataInstance	8	static
../drivers/fsl_dspi.c:166:6:DSPI_SetDummyData	8	static
../drivers/fsl_dspi.c:261:6:DSPI_MasterGetDefaultConfig	8	static
../drivers/fsl_dspi.c:308:6:DSPI_SlaveInit	16	static
../drivers/fsl_dspi.c:359:6:DSPI_SlaveGetDefaultConfig	8	static
../drivers/fsl_dspi.c:381:6:DSPI_Deinit	8	static
../drivers/fsl_dspi.c:423:10:DSPI_MasterSetBaudRate	4	static
../drivers/fsl_dspi.c:518:6:DSPI_MasterSetDelayScaler	8	static
../drivers/fsl_dspi.c:571:10:DSPI_MasterSetDelayTimes	64	static
../drivers/fsl_dspi.c:200:6:DSPI_MasterInit	32	static
../drivers/fsl_dspi.c:665:6:DSPI_GetDefaultDataCommandConfig	8	static
../drivers/fsl_dspi.c:706:6:DSPI_MasterWriteDataBlocking	8	static
../drivers/fsl_dspi.c:770:6:DSPI_MasterWriteCommandDataBlocking	0	static
../drivers/fsl_dspi.c:799:6:DSPI_SlaveWriteDataBlocking	0	static
../drivers/fsl_dspi.c:833:6:DSPI_EnableInterrupts	0	static
../drivers/fsl_dspi.c:859:6:DSPI_MasterTransferCreateHandle	24	static
../drivers/fsl_dspi.c:885:10:DSPI_MasterTransferBlocking	40	static
../drivers/fsl_dspi.c:1207:10:DSPI_MasterTransferNonBlocking	16	static
../drivers/fsl_dspi.c:1260:10:DSPI_MasterHalfDuplexTransferBlocking	32	static
../drivers/fsl_dspi.c:1327:10:DSPI_MasterHalfDuplexTransferNonBlocking	32	static
../drivers/fsl_dspi.c:1393:10:DSPI_MasterTransferGetCount	8	static
../drivers/fsl_dspi.c:1577:6:DSPI_MasterTransferAbort	8	static
../drivers/fsl_dspi.c:1721:6:DSPI_SlaveTransferCreateHandle	24	static
../drivers/fsl_dspi.c:1748:10:DSPI_SlaveTransferNonBlocking	16	static
../drivers/fsl_dspi.c:1827:10:DSPI_SlaveTransferGetCount	8	static
../drivers/fsl_dspi.c:1976:6:DSPI_SlaveTransferAbort	8	static
../drivers/fsl_dspi.c:2194:6:SPI0_DriverIRQHandler	8	static
../drivers/fsl_dspi.c:2203:6:SPI1_DriverIRQHandler	8	static
../drivers/fsl_dspi.c:2212:6:SPI2_DriverIRQHandler	8	static
