../drivers/fsl_sdhc.c:365:17:SDHC_ReadDataPort	4	static
../drivers/fsl_sdhc.c:460:17:SDHC_WriteDataPort	4	static
../drivers/fsl_sdhc.c:329:17:SDHC_ReceiveCommandResponse	16	static
../drivers/fsl_sdhc.c:1581:6:SDHC_TransferHandleIRQ	24	static
../drivers/fsl_sdhc.c:219:17:SDHC_GetInstance.part.0	8	static
../drivers/fsl_sdhc.c:233:13:SDHC_StartTransfer	16	static
../drivers/fsl_sdhc.c:808:6:SDHC_Init	8	static
../drivers/fsl_sdhc.c:862:6:SDHC_Deinit	8	static
../drivers/fsl_sdhc.c:879:6:SDHC_Reset	4	static
../drivers/fsl_sdhc.c:901:6:SDHC_GetCapability	8	static
../drivers/fsl_sdhc.c:941:10:SDHC_SetSdClock	8	static
../drivers/fsl_sdhc.c:1044:6:SDHC_SetCardActive	0	static
../drivers/fsl_sdhc.c:1081:6:SDHC_SetTransferConfig	16	static
../drivers/fsl_sdhc.c:1104:6:SDHC_EnableSdioControl	12	static
../drivers/fsl_sdhc.c:1170:6:SDHC_SetMmcBootConfig	8	static
../drivers/fsl_sdhc.c:1207:10:SDHC_SetAdmaTableConfig	20	static
../drivers/fsl_sdhc.c:1382:10:SDHC_TransferBlocking	40	static
../drivers/fsl_sdhc.c:1459:6:SDHC_TransferCreateHandle	24	static
../drivers/fsl_sdhc.c:1509:10:SDHC_TransferNonBlocking	40	static
../drivers/fsl_sdhc.c:1615:6:SDHC_DriverIRQHandler	8	static
