../drivers/fsl_sai.c:181:13:SAI_SetMasterClockDivider	32	static
../drivers/fsl_sai.c:259:17:SAI_GetInstance.part.0	8	static
../drivers/fsl_sai.c:1232:6:SAI_TxSetFifoConfig.part.0	8	static
../drivers/fsl_sai.c:1274:6:SAI_RxSetFifoConfig.part.0	8	static
../drivers/fsl_sai.c:2788:6:SAI_TransferRxHandleIRQ	48	static
../drivers/fsl_sai.c:2711:6:SAI_TransferTxHandleIRQ	56	static
../drivers/fsl_sai.c:409:6:SAI_TxInit	8	static
../drivers/fsl_sai.c:533:6:SAI_RxInit	8	static
../drivers/fsl_sai.c:648:6:SAI_Init	8	static
../drivers/fsl_sai.c:676:6:SAI_Deinit	8	static
../drivers/fsl_sai.c:702:6:SAI_TxGetDefaultConfig	8	static
../drivers/fsl_sai.c:736:6:SAI_RxGetDefaultConfig	8	static
../drivers/fsl_sai.c:760:6:SAI_TxReset	0	static
../drivers/fsl_sai.c:783:6:SAI_RxReset	0	static
../drivers/fsl_sai.c:805:6:SAI_TxEnable	0	static
../drivers/fsl_sai.c:835:6:SAI_RxEnable	0	static
../drivers/fsl_sai.c:870:6:SAI_TxSoftwareReset	0	static
../drivers/fsl_sai.c:889:6:SAI_RxSoftwareReset	0	static
../drivers/fsl_sai.c:904:6:SAI_TxSetChannelFIFOMask	0	static
../drivers/fsl_sai.c:917:6:SAI_RxSetChannelFIFOMask	0	static
../drivers/fsl_sai.c:929:6:SAI_TxSetDataOrder	0	static
../drivers/fsl_sai.c:943:6:SAI_RxSetDataOrder	0	static
../drivers/fsl_sai.c:957:6:SAI_TxSetBitClockPolarity	0	static
../drivers/fsl_sai.c:971:6:SAI_RxSetBitClockPolarity	0	static
../drivers/fsl_sai.c:985:6:SAI_TxSetFrameSyncPolarity	0	static
../drivers/fsl_sai.c:999:6:SAI_RxSetFrameSyncPolarity	0	static
../drivers/fsl_sai.c:1048:6:SAI_TxSetBitClockRate	8	static
../drivers/fsl_sai.c:1095:6:SAI_RxSetBitClockRate	8	static
../drivers/fsl_sai.c:1140:6:SAI_TxSetBitclockConfig	8	static
../drivers/fsl_sai.c:1168:6:SAI_RxSetBitclockConfig	8	static
../drivers/fsl_sai.c:1197:6:SAI_SetMasterClockConfig	8	static
../drivers/fsl_sai.c:1232:6:SAI_TxSetFifoConfig	8	static
../drivers/fsl_sai.c:1274:6:SAI_RxSetFifoConfig	8	static
../drivers/fsl_sai.c:1312:6:SAI_TxSetFrameSyncConfig	8	static
../drivers/fsl_sai.c:1341:6:SAI_RxSetFrameSyncConfig	8	static
../drivers/fsl_sai.c:1369:6:SAI_TxSetSerialDataConfig	8	static
../drivers/fsl_sai.c:1403:6:SAI_RxSetSerialDataConfig	8	static
../drivers/fsl_sai.c:1425:6:SAI_TxSetConfig	16	static
../drivers/fsl_sai.c:1527:6:SAI_TransferTxSetConfig	16	static
../drivers/fsl_sai.c:1554:6:SAI_RxSetConfig	16	static
../drivers/fsl_sai.c:1657:6:SAI_TransferRxSetConfig	16	static
../drivers/fsl_sai.c:1685:6:SAI_GetClassicI2SConfig	24	static
../drivers/fsl_sai.c:1701:6:SAI_GetLeftJustifiedConfig	24	static
../drivers/fsl_sai.c:1723:6:SAI_GetRightJustifiedConfig	24	static
../drivers/fsl_sai.c:1760:6:SAI_GetDSPConfig	24	static
../drivers/fsl_sai.c:1793:6:SAI_GetTDMConfig	24	static
../drivers/fsl_sai.c:1836:6:SAI_TxSetFormat	24	static
../drivers/fsl_sai.c:1979:6:SAI_RxSetFormat	24	static
../drivers/fsl_sai.c:2120:6:SAI_WriteBlocking	56	static
../drivers/fsl_sai.c:2158:6:SAI_WriteMultiChannelBlocking	56	static
../drivers/fsl_sai.c:2213:6:SAI_ReadMultiChannelBlocking	48	static
../drivers/fsl_sai.c:2260:6:SAI_ReadBlocking	48	static
../drivers/fsl_sai.c:2292:6:SAI_TransferTxCreateHandle	24	static
../drivers/fsl_sai.c:2323:6:SAI_TransferRxCreateHandle	24	static
../drivers/fsl_sai.c:2359:10:SAI_TransferTxSetFormat	16	static
../drivers/fsl_sai.c:2409:10:SAI_TransferRxSetFormat	16	static
../drivers/fsl_sai.c:2458:10:SAI_TransferSendNonBlocking	16	static
../drivers/fsl_sai.c:2507:10:SAI_TransferReceiveNonBlocking	16	static
../drivers/fsl_sai.c:2550:10:SAI_TransferGetSendCount	8	static
../drivers/fsl_sai.c:2578:10:SAI_TransferGetReceiveCount	8	static
../drivers/fsl_sai.c:2606:6:SAI_TransferAbortSend	8	static
../drivers/fsl_sai.c:2636:6:SAI_TransferAbortReceive	8	static
../drivers/fsl_sai.c:2666:6:SAI_TransferTerminateSend	16	static
../drivers/fsl_sai.c:2690:6:SAI_TransferTerminateReceive	16	static
../drivers/fsl_sai.c:2860:6:I2S0_DriverIRQHandler	8	static
../drivers/fsl_sai.c:2886:6:I2S0_Tx_DriverIRQHandler	8	static
../drivers/fsl_sai.c:2894:6:I2S0_Rx_DriverIRQHandler	8	static
