../lvgl/lvgl/src/core/lv_obj_tree.c:394:31:walk_core	24	static
../lvgl/lvgl/src/core/lv_obj_tree.c:114:6:lv_obj_del_async	0	static
../lvgl/lvgl/src/core/lv_obj_tree.c:226:12:lv_obj_get_screen	0	static
../lvgl/lvgl/src/core/lv_obj_tree.c:241:13:lv_obj_get_disp	16	static
../lvgl/lvgl/src/core/lv_obj_tree.c:262:12:lv_obj_get_parent	0	static
../lvgl/lvgl/src/core/lv_obj_tree.c:270:12:lv_obj_get_child	0	static
../lvgl/lvgl/src/core/lv_obj_tree.c:289:10:lv_obj_get_child_cnt	0	static
../lvgl/lvgl/src/core/lv_obj_tree.c:296:10:lv_obj_get_child_id	8	static
../lvgl/lvgl/src/core/lv_obj_tree.c:328:13:obj_del_core.part.0	24	static
../lvgl/lvgl/src/core/lv_obj_tree.c:85:6:lv_obj_clean	16	static
../lvgl/lvgl/src/core/lv_obj_tree.c:47:6:lv_obj_del	16	static
../lvgl/lvgl/src/core/lv_obj_tree.c:109:6:lv_obj_del_anim_ready_cb	0	static
../lvgl/lvgl/src/core/lv_obj_tree.c:321:13:lv_obj_del_async_cb	0	static
../lvgl/lvgl/src/core/lv_obj_tree.c:120:6:lv_obj_set_parent	40	static
../lvgl/lvgl/src/core/lv_obj_tree.c:186:6:lv_obj_move_foreground	16	static
../lvgl/lvgl/src/core/lv_obj_tree.c:206:6:lv_obj_move_background	16	static
../lvgl/lvgl/src/core/lv_obj_tree.c:312:6:lv_obj_tree_walk	0	static
