C:/Users/Acer-PC/Documents/MCUXpressoIDE_25.6.136/workspace/PI_3/lvgl/src/misc/lv_area.h:123:26:lv_area_get_width	0	static
C:/Users/Acer-PC/Documents/MCUXpressoIDE_25.6.136/workspace/PI_3/lvgl/src/misc/lv_area.h:133:26:lv_area_get_height	0	static
../lvgl/src/extra/layouts/flex/lv_flex.c:549:13:place_content	4	static
../lvgl/src/extra/layouts/flex/lv_flex.c:318:16:find_track_end	56	static
../lvgl/src/extra/layouts/flex/lv_flex.c:210:13:flex_update	200	static
../lvgl/src/extra/layouts/flex/lv_flex.c:92:6:lv_flex_init	8	static
../lvgl/src/extra/layouts/flex/lv_flex.c:103:6:lv_obj_set_flex_flow	8	static
../lvgl/src/extra/layouts/flex/lv_flex.c:109:6:lv_obj_set_flex_align	16	static
../lvgl/src/extra/layouts/flex/lv_flex.c:118:6:lv_obj_set_flex_grow	8	static
../lvgl/src/extra/layouts/flex/lv_flex.c:125:6:lv_style_set_flex_flow	0	static
../lvgl/src/extra/layouts/flex/lv_flex.c:133:6:lv_style_set_flex_main_place	0	static
../lvgl/src/extra/layouts/flex/lv_flex.c:141:6:lv_style_set_flex_cross_place	0	static
../lvgl/src/extra/layouts/flex/lv_flex.c:149:6:lv_style_set_flex_track_place	0	static
../lvgl/src/extra/layouts/flex/lv_flex.c:157:6:lv_style_set_flex_grow	0	static
../lvgl/src/extra/layouts/flex/lv_flex.c:166:6:lv_obj_set_style_flex_flow	4	static
../lvgl/src/extra/layouts/flex/lv_flex.c:174:6:lv_obj_set_style_flex_main_place	4	static
../lvgl/src/extra/layouts/flex/lv_flex.c:182:6:lv_obj_set_style_flex_cross_place	4	static
../lvgl/src/extra/layouts/flex/lv_flex.c:190:6:lv_obj_set_style_flex_track_place	4	static
../lvgl/src/extra/layouts/flex/lv_flex.c:198:6:lv_obj_set_style_flex_grow	4	static
