../source/main.c:294:13:scale_button_event_handler	40	static
../source/main.c:417:13:chart_press_event_handler	16	static
../source/main.c:406:13:trigger_edge_event_handler	0	static
../source/main.c:358:13:run_stop_event_handler	16	static
../source/main.c:368:13:update_trigger_menu_visibility	16	static
../source/main.c:390:13:trigger_mode_event_handler	8	static
../source/main.c:382:13:menu_button_event_handler	8	static
../source/main.c:187:6:map	4	static
../source/main.c:196:6:LCD_SetWriteDir	16	static
../source/main.c:271:13:touchpad_read_cb	96	static
../source/main.c:204:6:adc_init	32	static
../source/main.c:236:6:PIT_Init	8	static
../source/main.c:248:6:dma_init	8	static
../source/main.c:458:6:UI_Create	64	static
../source/main.c:648:6:KSDK_GPIO_Init	32	static
../source/main.c:768:10:read_battery_raw	16	static
../source/main.c:785:5:main	8256	static
../source/main.c:1117:6:SysTick_Handler	0	static
../source/main.c:1121:6:DMA0_IRQHandler	4	static
../source/main.c:1146:6:PIT0_IRQHandler	0	static
