../source/main.c:275:13:scale_button_event_handler	64	static
../source/main.c:375:13:chart_press_event_handler	16	static
../source/main.c:364:13:trigger_edge_event_handler	0	static
../source/main.c:316:13:run_stop_event_handler	16	static
../source/main.c:326:13:update_trigger_menu_visibility	16	static
../source/main.c:348:13:trigger_mode_event_handler	8	static
../source/main.c:340:13:menu_button_event_handler	8	static
../source/main.c:168:6:map	4	static
../source/main.c:177:6:LCD_SetWriteDir	16	static
../source/main.c:252:13:touchpad_read_cb	96	static
../source/main.c:185:6:adc_init	32	static
../source/main.c:217:6:PIT_Init	8	static
../source/main.c:229:6:dma_init	8	static
../source/main.c:416:6:UI_Create	64	static
../source/main.c:592:6:KSDK_GPIO_Init	32	static
../source/main.c:650:10:read_battery_raw	16	static
../source/main.c:667:5:main	8272	static
../source/main.c:956:6:SysTick_Handler	0	static
../source/main.c:960:6:DMA0_IRQHandler	4	static
../source/main.c:985:6:PIT0_IRQHandler	0	static
