../mmcau/fsl_mmcau.c:142:17:mmcau_DesCrypt.part.0	40	static
../mmcau/fsl_mmcau.c:81:17:mmcau_AesCrypt.part.0	296	static
../mmcau/fsl_mmcau.c:185:17:mmcau_hash_API	112	static
../mmcau/fsl_mmcau.c:257:10:MMCAU_AES_SetKey	288	static
../mmcau/fsl_mmcau.c:306:10:MMCAU_AES_EncryptEcb	24	static
../mmcau/fsl_mmcau.c:311:10:MMCAU_AES_DecryptEcb	24	static
../mmcau/fsl_mmcau.c:316:10:MMCAU_DES_ChkParity	16	static
../mmcau/fsl_mmcau.c:346:10:MMCAU_DES_EncryptEcb	8	static
../mmcau/fsl_mmcau.c:351:10:MMCAU_DES_DecryptEcb	8	static
../mmcau/fsl_mmcau.c:357:10:MMCAU_MD5_InitializeOutput	48	static
../mmcau/fsl_mmcau.c:389:10:MMCAU_MD5_HashN	16	static
../mmcau/fsl_mmcau.c:395:10:MMCAU_MD5_Update	16	static
../mmcau/fsl_mmcau.c:401:10:MMCAU_SHA1_InitializeOutput	48	static
../mmcau/fsl_mmcau.c:433:10:MMCAU_SHA1_HashN	16	static
../mmcau/fsl_mmcau.c:439:10:MMCAU_SHA1_Update	16	static
../mmcau/fsl_mmcau.c:445:10:MMCAU_SHA256_InitializeOutput	48	static
../mmcau/fsl_mmcau.c:485:10:MMCAU_SHA256_HashN	16	static
../mmcau/fsl_mmcau.c:491:10:MMCAU_SHA256_Update	16	static
