../mbedtls/port/ksdk/ecp_alt.c:170:19:ecp_drbg_random	0	static
../mbedtls/port/ksdk/ecp_alt.c:1223:12:ecp_modp	16	static
../mbedtls/port/ksdk/ecp_alt.c:1518:12:ecp_safe_invert_jac	32	static
../mbedtls/port/ksdk/ecp_alt.c:1304:19:mbedtls_mpi_sub_mod	16	static
../mbedtls/port/ksdk/ecp_alt.c:1277:19:mbedtls_mpi_mul_mod	16	static
../mbedtls/port/ksdk/ecp_alt.c:2070:12:ecp_select_comb.constprop	32	static
../mbedtls/port/ksdk/ecp_alt.c:1342:19:mbedtls_mpi_shift_l_mod.constprop	16	static
../mbedtls/port/ksdk/ecp_alt.c:2850:12:ecp_check_pubkey_sw	48	static
../mbedtls/port/ksdk/ecp_alt.c:1368:12:ecp_normalize_jac	48	static
../mbedtls/port/ksdk/ecp_alt.c:1751:12:ecp_randomize_jac	64	static
../mbedtls/port/ksdk/ecp_alt.c:1555:12:ecp_double_jac	80	static
../mbedtls/port/ksdk/ecp_alt.c:1657:12:ecp_add_mixed	128	static
../mbedtls/port/ksdk/ecp_alt.c:574:31:mbedtls_ecp_curve_list	0	static
../mbedtls/port/ksdk/ecp_alt.c:582:29:mbedtls_ecp_grp_id_list	0	static
../mbedtls/port/ksdk/ecp_alt.c:608:31:mbedtls_ecp_curve_info_from_grp_id	0	static
../mbedtls/port/ksdk/ecp_alt.c:626:31:mbedtls_ecp_curve_info_from_tls_id	0	static
../mbedtls/port/ksdk/ecp_alt.c:644:31:mbedtls_ecp_curve_info_from_name	8	static
../mbedtls/port/ksdk/ecp_alt.c:665:24:mbedtls_ecp_get_type	0	static
../mbedtls/port/ksdk/ecp_alt.c:679:6:mbedtls_ecp_point_init	8	static
../mbedtls/port/ksdk/ecp_alt.c:691:6:mbedtls_ecp_group_init	16	static
../mbedtls/port/ksdk/ecp_alt.c:715:6:mbedtls_ecp_keypair_init	8	static
../mbedtls/port/ksdk/ecp_alt.c:727:6:mbedtls_ecp_point_free	8	static
../mbedtls/port/ksdk/ecp_alt.c:740:6:mbedtls_ecp_group_free	16	static
../mbedtls/port/ksdk/ecp_alt.c:769:6:mbedtls_ecp_keypair_free_o	8	static
../mbedtls/port/ksdk/ecp_alt.c:795:6:mbedtls_ecp_keypair_free	8	static
../mbedtls/port/ksdk/ecp_alt.c:804:5:mbedtls_ecp_copy	16	static
../mbedtls/port/ksdk/ecp_alt.c:821:5:mbedtls_ecp_group_copy	0	static
../mbedtls/port/ksdk/ecp_alt.c:832:5:mbedtls_ecp_set_zero	8	static
../mbedtls/port/ksdk/ecp_alt.c:848:5:mbedtls_ecp_is_zero	8	static
../mbedtls/port/ksdk/ecp_alt.c:858:5:mbedtls_ecp_point_cmp	16	static
../mbedtls/port/ksdk/ecp_alt.c:877:5:mbedtls_ecp_point_read_string	16	static
../mbedtls/port/ksdk/ecp_alt.c:896:5:mbedtls_ecp_point_write_binary	32	static
../mbedtls/port/ksdk/ecp_alt.c:971:5:mbedtls_ecp_point_read_binary	24	static
../mbedtls/port/ksdk/ecp_alt.c:1036:5:mbedtls_ecp_tls_read_point	8	static
../mbedtls/port/ksdk/ecp_alt.c:1072:5:mbedtls_ecp_tls_write_point	24	static
../mbedtls/port/ksdk/ecp_alt.c:1146:5:mbedtls_ecp_tls_read_group_id	4	static
../mbedtls/port/ksdk/ecp_alt.c:1106:5:mbedtls_ecp_tls_read_group_o	16	static
../mbedtls/port/ksdk/ecp_alt.c:1135:5:mbedtls_ecp_tls_read_group	16	static
../mbedtls/port/ksdk/ecp_alt.c:1185:5:mbedtls_ecp_tls_write_group	4	static
../mbedtls/port/ksdk/ecp_alt.c:2766:5:mbedtls_ecp_mul_restartable	480	static
../mbedtls/port/ksdk/ecp_alt.c:2901:12:mbedtls_ecp_mul_shortcuts	40	static
../mbedtls/port/ksdk/ecp_alt.c:3493:12:self_test_point.constprop	80	static
../mbedtls/port/ksdk/ecp_alt.c:2834:5:mbedtls_ecp_mul	24	static
../mbedtls/port/ksdk/ecp_alt.c:2934:5:ecp_add	16	static
../mbedtls/port/ksdk/ecp_alt.c:2956:5:mbedtls_ecp_muladd_restartable	72	static
../mbedtls/port/ksdk/ecp_alt.c:3057:5:mbedtls_ecp_muladd	24	static
../mbedtls/port/ksdk/ecp_alt.c:3091:5:mbedtls_ecp_check_pubkey	16	static
../mbedtls/port/ksdk/ecp_alt.c:3115:5:mbedtls_ecp_check_privkey	16	static
../mbedtls/port/ksdk/ecp_alt.c:3156:5:mbedtls_ecp_gen_privkey	56	static
../mbedtls/port/ksdk/ecp_alt.c:3249:5:mbedtls_ecp_gen_keypair_base	48	static
../mbedtls/port/ksdk/ecp_alt.c:3272:5:mbedtls_ecp_gen_keypair	40	static
../mbedtls/port/ksdk/ecp_alt.c:3288:5:mbedtls_ecp_gen_key	40	static
../mbedtls/port/ksdk/ecp_alt.c:3305:5:mbedtls_ecp_read_key	24	static
../mbedtls/port/ksdk/ecp_alt.c:3373:5:mbedtls_ecp_write_key	0	static
../mbedtls/port/ksdk/ecp_alt.c:3412:5:mbedtls_ecp_check_pub_priv	216	static
../mbedtls/port/ksdk/ecp_alt.c:3548:5:mbedtls_ecp_self_test	280	static
