../lvgl/src/misc/lv_anim_timeline.c:195:13:lv_anim_timeline_virtual_exec_cb	0	static
../lvgl/src/misc/lv_anim_timeline.c:52:22:lv_anim_timeline_create	8	static
../lvgl/src/misc/lv_anim_timeline.c:63:6:lv_anim_timeline_del	16	static
../lvgl/src/misc/lv_anim_timeline.c:73:6:lv_anim_timeline_add	24	static
../lvgl/src/misc/lv_anim_timeline.c:92:10:lv_anim_timeline_start	96	static
../lvgl/src/misc/lv_anim_timeline.c:119:6:lv_anim_timeline_stop	16	static
../lvgl/src/misc/lv_anim_timeline.c:129:6:lv_anim_timeline_set_reverse	0	static
../lvgl/src/misc/lv_anim_timeline.c:135:6:lv_anim_timeline_set_progress	32	static
../lvgl/src/misc/lv_anim_timeline.c:167:10:lv_anim_timeline_get_playtime	24	static
../lvgl/src/misc/lv_anim_timeline.c:185:6:lv_anim_timeline_get_reverse	0	static
