../lvgl/src/misc/lv_fs.c:43:6:_lv_fs_init	0	static
../lvgl/src/misc/lv_fs.c:48:6:lv_fs_is_ready	8	static
../lvgl/src/misc/lv_fs.c:59:13:lv_fs_open	24	static
../lvgl/src/misc/lv_fs.c:107:13:lv_fs_close	16	static
../lvgl/src/misc/lv_fs.c:207:13:lv_fs_read	64	static
../lvgl/src/misc/lv_fs.c:228:13:lv_fs_write	32	static
../lvgl/src/misc/lv_fs.c:247:13:lv_fs_seek	24	static
../lvgl/src/misc/lv_fs.c:302:13:lv_fs_tell	4	static
../lvgl/src/misc/lv_fs.c:326:13:lv_fs_dir_open	24	static
../lvgl/src/misc/lv_fs.c:360:13:lv_fs_dir_read	0	static
../lvgl/src/misc/lv_fs.c:377:13:lv_fs_dir_close	8	static
../lvgl/src/misc/lv_fs.c:395:6:lv_fs_drv_init	0	static
../lvgl/src/misc/lv_fs.c:400:6:lv_fs_drv_register	8	static
../lvgl/src/misc/lv_fs.c:411:15:lv_fs_get_drv	8	static
../lvgl/src/misc/lv_fs.c:424:8:lv_fs_get_letters	16	static
../lvgl/src/misc/lv_fs.c:439:14:lv_fs_get_ext	8	static
../lvgl/src/misc/lv_fs.c:454:8:lv_fs_up	8	static
../lvgl/src/misc/lv_fs.c:480:14:lv_fs_get_last	8	static
