../lvgl/src/draw/lv_draw_mask.c:1217:49:lv_draw_mask_map	24	static
../lvgl/src/draw/lv_draw_mask.c:1171:49:lv_draw_mask_fade	12	static
../lvgl/src/draw/lv_draw_mask.c:1054:49:lv_draw_mask_radius	48	static
../lvgl/src/draw/lv_draw_mask.c:597:49:lv_draw_mask_line	32	static
../lvgl/src/draw/lv_draw_mask.c:915:49:lv_draw_mask_angle	48	static
../lvgl/src/draw/lv_draw_mask.c:81:9:lv_draw_mask_add	4	static
../lvgl/src/draw/lv_draw_mask.c:111:42:lv_draw_mask_apply	40	static
../lvgl/src/draw/lv_draw_mask.c:145:42:lv_draw_mask_apply_ids	56	static
../lvgl/src/draw/lv_draw_mask.c:172:8:lv_draw_mask_remove_id	0	static
../lvgl/src/draw/lv_draw_mask.c:191:8:lv_draw_mask_remove_custom	4	static
../lvgl/src/draw/lv_draw_mask.c:211:6:lv_draw_mask_free_param	8	static
../lvgl/src/draw/lv_draw_mask.c:232:6:_lv_draw_mask_cleanup	16	static
../lvgl/src/draw/lv_draw_mask.c:247:31:lv_draw_mask_get_cnt	0	static
../lvgl/src/draw/lv_draw_mask.c:257:6:lv_draw_mask_is_any	16	static
../lvgl/src/draw/lv_draw_mask.c:294:6:lv_draw_mask_line_points_init	32	static
../lvgl/src/draw/lv_draw_mask.c:1251:49:lv_draw_mask_polygon	120	static
../lvgl/src/draw/lv_draw_mask.c:388:6:lv_draw_mask_line_angle_init	40	static
../lvgl/src/draw/lv_draw_mask.c:414:6:lv_draw_mask_angle_init	32	static
../lvgl/src/draw/lv_draw_mask.c:475:6:lv_draw_mask_radius_init	104	static
../lvgl/src/draw/lv_draw_mask.c:541:6:lv_draw_mask_fade_init	4	static
../lvgl/src/draw/lv_draw_mask.c:560:6:lv_draw_mask_map_init	0	static
../lvgl/src/draw/lv_draw_mask.c:568:6:lv_draw_mask_polygon_init	24	static
