../lvgl/src/extra/widgets/tileview/lv_tileview.c:126:13:lv_tileview_constructor	8	static
../lvgl/src/extra/widgets/tileview/lv_tileview.c:155:13:tileview_event_cb	40	static
../lvgl/src/extra/widgets/tileview/lv_tileview.c:137:13:lv_tileview_tile_constructor	24	static
../lvgl/src/extra/widgets/tileview/lv_tileview.c:55:12:lv_tileview_create	8	static
../lvgl/src/extra/widgets/tileview/lv_tileview.c:67:12:lv_tileview_add_tile	16	static
../lvgl/src/extra/widgets/tileview/lv_tileview.c:79:6:lv_obj_set_tile	24	static
../lvgl/src/extra/widgets/tileview/lv_tileview.c:92:6:lv_obj_set_tile_id	32	static
../lvgl/src/extra/widgets/tileview/lv_tileview.c:116:12:lv_tileview_get_tile_act	0	static
