../lvgl/src/extra/widgets/calendar/lv_calendar.c:332:16:get_month_length	0	static
../lvgl/src/extra/widgets/calendar/lv_calendar.c:292:13:draw_part_begin_event_cb	16	static
../lvgl/src/extra/widgets/calendar/lv_calendar.c:379:13:highlight_update	16	static
../lvgl/src/extra/widgets/calendar/lv_calendar.c:61:12:lv_calendar_create	8	static
../lvgl/src/extra/widgets/calendar/lv_calendar.c:73:6:lv_calendar_set_day_names	0	static
../lvgl/src/extra/widgets/calendar/lv_calendar.c:85:6:lv_calendar_set_today_date	0	static
../lvgl/src/extra/widgets/calendar/lv_calendar.c:97:6:lv_calendar_set_highlighted_dates	0	static
../lvgl/src/extra/widgets/calendar/lv_calendar.c:110:6:lv_calendar_set_showed_date	48	static
../lvgl/src/extra/widgets/calendar/lv_calendar.c:241:13:lv_calendar_constructor	24	static
../lvgl/src/extra/widgets/calendar/lv_calendar.c:173:12:lv_calendar_get_btnmatrix	0	static
../lvgl/src/extra/widgets/calendar/lv_calendar.c:180:28:lv_calendar_get_today_date	0	static
../lvgl/src/extra/widgets/calendar/lv_calendar.c:188:28:lv_calendar_get_showed_date	0	static
../lvgl/src/extra/widgets/calendar/lv_calendar.c:196:22:lv_calendar_get_highlighted_dates	0	static
../lvgl/src/extra/widgets/calendar/lv_calendar.c:204:10:lv_calendar_get_highlighted_dates_num	0	static
../lvgl/src/extra/widgets/calendar/lv_calendar.c:212:10:lv_calendar_get_pressed_date	16	static
