../mbedtls/library/bignum.c:1655:6:mpi_mul_hlp	16	static
../mbedtls/library/bignum.c:2186:13:mpi_montmul	64	static
../mbedtls/library/bignum.c:2683:12:mpi_fill_random_internal	32	static
../mbedtls/library/bignum.c:84:6:mbedtls_mpi_init	0	static
../mbedtls/library/bignum.c:96:6:mbedtls_mpi_free	8	static
../mbedtls/library/bignum.c:115:5:mbedtls_mpi_grow	16	static
../mbedtls/library/bignum.c:185:12:mbedtls_mpi_resize_clear	16	static
../mbedtls/library/bignum.c:146:5:mbedtls_mpi_shrink	16	static
../mbedtls/library/bignum.c:214:5:mbedtls_mpi_copy	24	static
../mbedtls/library/bignum.c:260:6:mbedtls_mpi_swap	32	static
../mbedtls/library/bignum.c:337:5:mbedtls_mpi_safe_cond_assign	24	static
../mbedtls/library/bignum.c:380:5:mbedtls_mpi_safe_cond_swap	24	static
../mbedtls/library/bignum.c:430:5:mbedtls_mpi_lset	16	static
../mbedtls/library/bignum.c:449:5:mbedtls_mpi_get_bit	0	static
../mbedtls/library/bignum.c:466:5:mbedtls_mpi_set_bit	24	static
../mbedtls/library/bignum.c:495:8:mbedtls_mpi_lsb	8	static
../mbedtls/library/bignum.c:529:8:mbedtls_mpi_bitlen	0	static
../mbedtls/library/bignum.c:548:8:mbedtls_mpi_size	8	static
../mbedtls/library/bignum.c:943:5:mbedtls_mpi_read_binary_le	16	static
../mbedtls/library/bignum.c:969:5:mbedtls_mpi_read_binary	24	static
../mbedtls/library/bignum.c:1005:5:mbedtls_mpi_write_binary_le	24	static
../mbedtls/library/bignum.c:1044:5:mbedtls_mpi_write_binary	16	static
../mbedtls/library/bignum.c:1090:5:mbedtls_mpi_shift_l	24	static
../mbedtls/library/bignum.c:1141:5:mbedtls_mpi_shift_r	24	static
../mbedtls/library/bignum.c:1185:5:mbedtls_mpi_cmp_abs	8	static
../mbedtls/library/bignum.c:1217:5:mbedtls_mpi_cmp_mpi	12	static
../mbedtls/library/bignum.c:1287:5:mbedtls_mpi_lt_mpi_ct	32	static
../mbedtls/library/bignum.c:1353:5:mbedtls_mpi_cmp_int	24	static
../mbedtls/library/bignum.c:1374:5:mbedtls_mpi_add_abs	24	static
../mbedtls/library/bignum.c:1472:5:mbedtls_mpi_sub_abs	40	static
../mbedtls/library/bignum.c:1528:5:mbedtls_mpi_add_mpi	24	static
../mbedtls/library/bignum.c:1563:5:mbedtls_mpi_sub_mpi	24	static
../mbedtls/library/bignum.c:1598:5:mbedtls_mpi_add_int	32	static
../mbedtls/library/bignum.c:1616:5:mbedtls_mpi_sub_int	32	static
../mbedtls/library/bignum.c:1726:5:mbedtls_mpi_mul_mpi	64	static
../mbedtls/library/bignum.c:1779:5:mbedtls_mpi_mul_int	24	static
../mbedtls/library/bignum.c:573:5:mbedtls_mpi_read_string	80	static
../mbedtls/library/bignum.c:1913:5:mbedtls_mpi_div_mpi	168	static
../mbedtls/library/bignum.c:2041:5:mbedtls_mpi_div_int	24	static
../mbedtls/library/bignum.c:2064:5:mbedtls_mpi_mod_mpi	48	static
../mbedtls/library/bignum.c:2091:5:mbedtls_mpi_mod_int	12	static
../mbedtls/library/bignum.c:682:5:mbedtls_mpi_write_string	88	static
../mbedtls/library/bignum.c:2945:12:mpi_check_small_factors	48	static
../mbedtls/library/bignum.c:2322:5:mbedtls_mpi_exp_mod	168	static
../mbedtls/library/bignum.c:2972:12:mpi_miller_rabin	176	static
../mbedtls/library/bignum.c:2564:5:mbedtls_mpi_gcd	88	static
../mbedtls/library/bignum.c:2710:5:mbedtls_mpi_fill_random	24	static
../mbedtls/library/bignum.c:2731:5:mbedtls_mpi_random	80	static
../mbedtls/library/bignum.c:2813:5:mbedtls_mpi_inv_mod	224	static
../mbedtls/library/bignum.c:3065:5:mbedtls_mpi_is_prime_ext	56	static
../mbedtls/library/bignum.c:3106:5:mbedtls_mpi_is_prime	0	static
../mbedtls/library/bignum.c:3130:5:mbedtls_mpi_gen_prime	96	static
../mbedtls/library/bignum.c:3266:5:mbedtls_mpi_self_test	176	static
