../mbedtls/library/ccm.c:154:12:ccm_auth_crypt	136	static
../mbedtls/library/ccm.c:61:6:mbedtls_ccm_init	0	static
../mbedtls/library/ccm.c:67:5:mbedtls_ccm_setkey	24	static
../mbedtls/library/ccm.c:103:6:mbedtls_ccm_free	8	static
../mbedtls/library/ccm.c:326:5:mbedtls_ccm_star_encrypt_and_tag	40	static
../mbedtls/library/ccm.c:342:5:mbedtls_ccm_encrypt_and_tag	40	static
../mbedtls/library/ccm.c:364:5:mbedtls_ccm_star_auth_decrypt	64	static
../mbedtls/library/ccm.c:402:5:mbedtls_ccm_auth_decrypt	20	static
../mbedtls/library/ccm.c:479:5:mbedtls_ccm_self_test	224	static
