../mbedtls/library/gcm.c:215:13:gcm_mult	56	static
../mbedtls/library/gcm.c:87:6:mbedtls_gcm_init	0	static
../mbedtls/library/gcm.c:161:5:mbedtls_gcm_setkey	80	static
../mbedtls/library/gcm.c:271:5:mbedtls_gcm_starts	80	static
../mbedtls/library/gcm.c:358:5:mbedtls_gcm_update	80	static
../mbedtls/library/gcm.c:421:5:mbedtls_gcm_finish	48	static
../mbedtls/library/gcm.c:464:5:mbedtls_gcm_crypt_and_tag	24	static
../mbedtls/library/gcm.c:497:5:mbedtls_gcm_auth_decrypt	40	static
../mbedtls/library/gcm.c:542:6:mbedtls_gcm_free	8	static
../mbedtls/library/gcm.c:789:5:mbedtls_gcm_self_test	584	static
