../mbedtls/library/md5.c:69:6:mbedtls_md5_init	0	static
../mbedtls/library/md5.c:74:6:mbedtls_md5_free	0	static
../mbedtls/library/md5.c:82:6:mbedtls_md5_clone	8	static
../mbedtls/library/md5.c:91:5:mbedtls_md5_starts_ret	4	static
../mbedtls/library/md5.c:105:6:mbedtls_md5_starts	4	static
../mbedtls/library/md5.c:259:5:mbedtls_md5_update_ret	32	static
../mbedtls/library/md5.c:308:6:mbedtls_md5_update	0	static
../mbedtls/library/md5.c:319:5:mbedtls_md5_finish_ret	16	static
../mbedtls/library/md5.c:374:6:mbedtls_md5_finish	0	static
../mbedtls/library/md5.c:386:5:mbedtls_md5_ret	104	static
../mbedtls/library/md5.c:411:6:mbedtls_md5	0	static
../mbedtls/library/md5.c:460:5:mbedtls_md5_self_test	48	static
