../mbedtls/library/oid.c:242:1:mbedtls_oid_get_attr_short_name	16	static
../mbedtls/library/oid.c:285:1:mbedtls_oid_get_x509_ext_type	16	static
../mbedtls/library/oid.c:300:1:mbedtls_oid_get_extended_key_usage	16	static
../mbedtls/library/oid.c:309:1:mbedtls_oid_get_certificate_policies	8	static
../mbedtls/library/oid.c:416:1:mbedtls_oid_get_sig_alg_desc	16	static
../mbedtls/library/oid.c:417:1:mbedtls_oid_get_sig_alg	24	static
../mbedtls/library/oid.c:418:1:mbedtls_oid_get_oid_by_sig_alg	8	static
../mbedtls/library/oid.c:450:1:mbedtls_oid_get_pk_alg	16	static
../mbedtls/library/oid.c:451:1:mbedtls_oid_get_oid_by_pk_alg	4	static
../mbedtls/library/oid.c:537:1:mbedtls_oid_get_ec_grp	8	static
../mbedtls/library/oid.c:538:1:mbedtls_oid_get_oid_by_ec_grp	0	static
../mbedtls/library/oid.c:567:1:mbedtls_oid_get_cipher_alg	16	static
../mbedtls/library/oid.c:638:1:mbedtls_oid_get_md_alg	16	static
../mbedtls/library/oid.c:639:1:mbedtls_oid_get_oid_by_md	4	static
../mbedtls/library/oid.c:684:1:mbedtls_oid_get_md_hmac	16	static
../mbedtls/library/oid.c:714:1:mbedtls_oid_get_pkcs12_pbe_alg	24	static
../mbedtls/library/oid.c:727:5:mbedtls_oid_get_numeric_string	40	static
