../mbedtls/library/pk.c:55:6:mbedtls_pk_init	0	static
../mbedtls/library/pk.c:66:6:mbedtls_pk_free	8	static
../mbedtls/library/pk.c:109:27:mbedtls_pk_info_from_type	0	static
../mbedtls/library/pk.c:135:5:mbedtls_pk_setup	16	static
../mbedtls/library/pk.c:189:5:mbedtls_pk_setup_rsa_alt	32	static
../mbedtls/library/pk.c:220:5:mbedtls_pk_can_do	0	static
../mbedtls/library/pk.c:278:5:mbedtls_pk_verify_restartable	32	static
../mbedtls/library/pk.c:326:5:mbedtls_pk_verify	24	static
../mbedtls/library/pk.c:337:5:mbedtls_pk_verify_ext	64	static
../mbedtls/library/pk.c:400:5:mbedtls_pk_sign_restartable	48	static
../mbedtls/library/pk.c:449:5:mbedtls_pk_sign	32	static
../mbedtls/library/pk.c:461:5:mbedtls_pk_decrypt	16	static
../mbedtls/library/pk.c:484:5:mbedtls_pk_encrypt	16	static
../mbedtls/library/pk.c:507:5:mbedtls_pk_check_pair	4	static
../mbedtls/library/pk.c:538:8:mbedtls_pk_get_bitlen	0	static
../mbedtls/library/pk.c:551:5:mbedtls_pk_debug	8	static
../mbedtls/library/pk.c:567:13:mbedtls_pk_get_name	0	static
../mbedtls/library/pk.c:578:19:mbedtls_pk_get_type	0	static
