../mbedtls/library/rsa.c:1109:12:mgf_mask	112	static
../mbedtls/library/rsa.c:1994:12:rsa_rsassa_pkcs1_v15_encode	32	static
../mbedtls/library/rsa.c:2654:12:myrand	16	static
../mbedtls/library/rsa.c:2576:6:mbedtls_rsa_free.part.0	8	static
../mbedtls/library/rsa.c:155:12:rsa_check_context.isra	24	static
../mbedtls/library/rsa.c:91:5:mbedtls_rsa_import	24	static
../mbedtls/library/rsa.c:114:5:mbedtls_rsa_import_raw	24	static
../mbedtls/library/rsa.c:243:5:mbedtls_rsa_complete	88	static
../mbedtls/library/rsa.c:347:5:mbedtls_rsa_export_raw	72	static
../mbedtls/library/rsa.c:395:5:mbedtls_rsa_export	48	static
../mbedtls/library/rsa.c:440:5:mbedtls_rsa_export_crt	24	static
../mbedtls/library/rsa.c:480:6:mbedtls_rsa_init	16	static
../mbedtls/library/rsa.c:503:6:mbedtls_rsa_set_padding	0	static
../mbedtls/library/rsa.c:518:8:mbedtls_rsa_get_len	0	static
../mbedtls/library/rsa.c:652:5:mbedtls_rsa_check_pubkey	16	static
../mbedtls/library/rsa.c:677:5:mbedtls_rsa_check_privkey	40	static
../mbedtls/library/rsa.c:532:5:mbedtls_rsa_gen_key	120	static
../mbedtls/library/rsa.c:707:5:mbedtls_rsa_check_pub_priv	16	static
../mbedtls/library/rsa.c:733:5:mbedtls_rsa_public	48	static
../mbedtls/library/rsa.c:872:5:mbedtls_rsa_private	216	static
../mbedtls/library/rsa.c:1804:12:rsa_rsassa_pss_sign	88	static
../mbedtls/library/rsa.c:1161:5:mbedtls_rsa_rsaes_oaep_encrypt	72	static
../mbedtls/library/rsa.c:1250:5:mbedtls_rsa_rsaes_pkcs1_v15_encrypt	48	static
../mbedtls/library/rsa.c:1322:5:mbedtls_rsa_pkcs1_encrypt	48	static
../mbedtls/library/rsa.c:1358:5:mbedtls_rsa_rsaes_oaep_decrypt	648	static
../mbedtls/library/rsa.c:1596:5:mbedtls_rsa_rsaes_pkcs1_v15_decrypt	560	static
../mbedtls/library/rsa.c:1768:5:mbedtls_rsa_pkcs1_decrypt	48	static
../mbedtls/library/rsa.c:1940:5:mbedtls_rsa_rsassa_pss_sign_ext	32	static
../mbedtls/library/rsa.c:1957:5:mbedtls_rsa_rsassa_pss_sign	32	static
../mbedtls/library/rsa.c:2109:5:mbedtls_rsa_rsassa_pkcs1_v15_sign	40	static
../mbedtls/library/rsa.c:2189:5:mbedtls_rsa_pkcs1_sign	48	static
../mbedtls/library/rsa.c:2229:5:mbedtls_rsa_rsassa_pss_verify_ext	640	static
../mbedtls/library/rsa.c:2379:5:mbedtls_rsa_rsassa_pss_verify	40	static
../mbedtls/library/rsa.c:2413:5:mbedtls_rsa_rsassa_pkcs1_v15_verify	48	static
../mbedtls/library/rsa.c:2496:5:mbedtls_rsa_pkcs1_verify	56	static
../mbedtls/library/rsa.c:2535:5:mbedtls_rsa_copy	16	static
../mbedtls/library/rsa.c:2576:6:mbedtls_rsa_free	0	static
../mbedtls/library/rsa.c:2678:5:mbedtls_rsa_self_test	440	static
