../mbedtls/library/sha1.c:74:6:mbedtls_sha1_init	0	static
../mbedtls/library/sha1.c:81:6:mbedtls_sha1_free	0	static
../mbedtls/library/sha1.c:89:6:mbedtls_sha1_clone	8	static
../mbedtls/library/sha1.c:101:5:mbedtls_sha1_starts_ret	4	static
../mbedtls/library/sha1.c:118:6:mbedtls_sha1_starts	4	static
../mbedtls/library/sha1.c:309:5:mbedtls_sha1_update_ret	32	static
../mbedtls/library/sha1.c:360:6:mbedtls_sha1_update	0	static
../mbedtls/library/sha1.c:371:5:mbedtls_sha1_finish_ret	16	static
../mbedtls/library/sha1.c:430:6:mbedtls_sha1_finish	0	static
../mbedtls/library/sha1.c:442:5:mbedtls_sha1_ret	112	static
../mbedtls/library/sha1.c:470:6:mbedtls_sha1	0	static
../mbedtls/library/sha1.c:514:5:mbedtls_sha1_self_test	1192	static
