../mbedtls/library/sha256.c:76:6:mbedtls_sha256_init	0	static
../mbedtls/library/sha256.c:83:6:mbedtls_sha256_free	0	static
../mbedtls/library/sha256.c:91:6:mbedtls_sha256_clone	8	static
../mbedtls/library/sha256.c:103:5:mbedtls_sha256_starts_ret	20	static
../mbedtls/library/sha256.c:142:6:mbedtls_sha256_starts	20	static
../mbedtls/library/sha256.c:296:5:mbedtls_sha256_update_ret	32	static
../mbedtls/library/sha256.c:347:6:mbedtls_sha256_update	0	static
../mbedtls/library/sha256.c:358:5:mbedtls_sha256_finish_ret	16	static
../mbedtls/library/sha256.c:422:6:mbedtls_sha256_finish	0	static
../mbedtls/library/sha256.c:436:5:mbedtls_sha256_ret	144	static
../mbedtls/library/sha256.c:466:6:mbedtls_sha256	0	static
../mbedtls/library/sha256.c:530:5:mbedtls_sha256_self_test	192	static
