../mbedtls/library/sha512.c:99:6:mbedtls_sha512_init	0	static
../mbedtls/library/sha512.c:106:6:mbedtls_sha512_free	0	static
../mbedtls/library/sha512.c:114:6:mbedtls_sha512_clone	8	static
../mbedtls/library/sha512.c:126:5:mbedtls_sha512_starts_ret	0	static
../mbedtls/library/sha512.c:175:6:mbedtls_sha512_starts	0	static
../mbedtls/library/sha512.c:231:5:mbedtls_internal_sha512_process	832	static
../mbedtls/library/sha512.c:345:5:mbedtls_sha512_update_ret.part.0	32	static
../mbedtls/library/sha512.c:334:6:mbedtls_sha512_process	0	static
../mbedtls/library/sha512.c:345:5:mbedtls_sha512_update_ret	8	static
../mbedtls/library/sha512.c:395:6:mbedtls_sha512_update	0	static
../mbedtls/library/sha512.c:406:5:mbedtls_sha512_finish_ret	24	static
../mbedtls/library/sha512.c:474:6:mbedtls_sha512_finish	0	static
../mbedtls/library/sha512.c:488:5:mbedtls_sha512_ret	240	static
../mbedtls/library/sha512.c:522:6:mbedtls_sha512	240	static
../mbedtls/library/sha512.c:609:5:mbedtls_sha512_self_test	336	static
