../mbedtls/library/ssl_tls.c:3808:12:ssl_cookie_write_dummy	0	static
../mbedtls/library/ssl_tls.c:3821:12:ssl_cookie_check_dummy	0	static
../mbedtls/library/ssl_tls.c:5319:12:ssl_session_save	24	static
../mbedtls/library/ssl_tls.c:641:12:tls_prf_generic	136	static
../mbedtls/library/ssl_tls.c:714:12:tls_prf_sha256	24	static
../mbedtls/library/ssl_tls.c:725:12:tls_prf_sha384	24	static
../mbedtls/library/ssl_tls.c:396:12:tls1_prf	104	static
../mbedtls/library/ssl_tls.c:3192:13:ssl_calc_finished_tls_sha256	184	static
../mbedtls/library/ssl_tls.c:1821:6:ssl_calc_verify_tls_sha256	128	static
../mbedtls/library/ssl_tls.c:3269:13:ssl_calc_finished_tls_sha384	304	static
../mbedtls/library/ssl_tls.c:1870:6:ssl_calc_verify_tls_sha384	232	static
../mbedtls/library/ssl_tls.c:3132:13:ssl_calc_finished_tls	256	static
../mbedtls/library/ssl_tls.c:1789:6:ssl_calc_verify_tls	200	static
../mbedtls/library/ssl_tls.c:893:12:ssl_populate_transform	336	static
../mbedtls/library/ssl_tls.c:5528:12:ssl_session_load	32	static
../mbedtls/library/ssl_tls.c:3022:13:ssl_update_checksum_sha256	0	static
../mbedtls/library/ssl_tls.c:3034:13:ssl_update_checksum_sha384	0	static
../mbedtls/library/ssl_tls.c:3012:13:ssl_update_checksum_md5sha1	16	static
../mbedtls/library/ssl_tls.c:2984:13:ssl_update_checksum_start	16	static
../mbedtls/library/ssl_tls.c:184:5:mbedtls_ssl_session_copy	16	static
../mbedtls/library/ssl_tls.c:826:6:mbedtls_ssl_tls_prf	12	static
../mbedtls/library/ssl_tls.c:1645:5:mbedtls_ssl_derive_keys	112	static
../mbedtls/library/ssl_tls.c:1920:5:mbedtls_ssl_psk_derive_premaster	48	static
../mbedtls/library/ssl_tls.c:2051:5:mbedtls_ssl_resend_hello_request	4	static
../mbedtls/library/ssl_tls.c:2145:5:mbedtls_ssl_write_certificate	24	static
../mbedtls/library/ssl_tls.c:2928:6:mbedtls_ssl_optimize_checksum	0	static
../mbedtls/library/ssl_tls.c:2957:6:mbedtls_ssl_reset_checksum	8	static
../mbedtls/library/ssl_tls.c:3443:5:mbedtls_ssl_write_finished	16	static
../mbedtls/library/ssl_tls.c:3567:5:mbedtls_ssl_parse_finished	32	static
../mbedtls/library/ssl_tls.c:3713:6:mbedtls_ssl_transform_init	8	static
../mbedtls/library/ssl_tls.c:3726:6:mbedtls_ssl_session_init	0	static
../mbedtls/library/ssl_tls.c:3838:6:mbedtls_ssl_init	0	static
../mbedtls/library/ssl_tls.c:4065:6:mbedtls_ssl_conf_endpoint	0	static
../mbedtls/library/ssl_tls.c:4070:6:mbedtls_ssl_conf_transport	0	static
../mbedtls/library/ssl_tls.c:4076:6:mbedtls_ssl_conf_dtls_anti_replay	0	static
../mbedtls/library/ssl_tls.c:4083:6:mbedtls_ssl_conf_dtls_badmac_limit	0	static
../mbedtls/library/ssl_tls.c:4091:6:mbedtls_ssl_set_datagram_packing	0	static
../mbedtls/library/ssl_tls.c:4097:6:mbedtls_ssl_conf_handshake_timeout	0	static
../mbedtls/library/ssl_tls.c:4105:6:mbedtls_ssl_conf_authmode	0	static
../mbedtls/library/ssl_tls.c:4111:6:mbedtls_ssl_conf_verify	0	static
../mbedtls/library/ssl_tls.c:4120:6:mbedtls_ssl_conf_rng	0	static
../mbedtls/library/ssl_tls.c:4128:6:mbedtls_ssl_conf_dbg	0	static
../mbedtls/library/ssl_tls.c:4136:6:mbedtls_ssl_set_bio	0	static
../mbedtls/library/ssl_tls.c:4149:6:mbedtls_ssl_set_mtu	0	static
../mbedtls/library/ssl_tls.c:4155:6:mbedtls_ssl_conf_read_timeout	0	static
../mbedtls/library/ssl_tls.c:4160:6:mbedtls_ssl_set_timer_cb	0	static
../mbedtls/library/ssl_tls.c:4174:6:mbedtls_ssl_conf_session_cache	0	static
../mbedtls/library/ssl_tls.c:4186:5:mbedtls_ssl_set_session	8	static
../mbedtls/library/ssl_tls.c:4208:6:mbedtls_ssl_conf_ciphersuites	0	static
../mbedtls/library/ssl_tls.c:4217:6:mbedtls_ssl_conf_ciphersuites_for_version	0	static
../mbedtls/library/ssl_tls.c:4231:6:mbedtls_ssl_conf_cert_profile	0	static
../mbedtls/library/ssl_tls.c:4268:5:mbedtls_ssl_conf_own_cert	16	static
../mbedtls/library/ssl_tls.c:4275:6:mbedtls_ssl_conf_ca_chain	0	static
../mbedtls/library/ssl_tls.c:4307:5:mbedtls_ssl_set_hs_own_cert	16	static
../mbedtls/library/ssl_tls.c:4315:6:mbedtls_ssl_set_hs_ca_chain	0	static
../mbedtls/library/ssl_tls.c:4323:6:mbedtls_ssl_set_hs_authmode	0	static
../mbedtls/library/ssl_tls.c:4331:6:mbedtls_ssl_set_verify	0	static
../mbedtls/library/ssl_tls.c:4428:5:mbedtls_ssl_conf_psk	24	static
../mbedtls/library/ssl_tls.c:4475:5:mbedtls_ssl_set_hs_psk	24	static
../mbedtls/library/ssl_tls.c:4532:6:mbedtls_ssl_conf_psk_cb	0	static
../mbedtls/library/ssl_tls.c:4545:5:mbedtls_ssl_conf_dh_param	24	static
../mbedtls/library/ssl_tls.c:4561:5:mbedtls_ssl_conf_dh_param_bin	24	static
../mbedtls/library/ssl_tls.c:4578:5:mbedtls_ssl_conf_dh_param_ctx	24	static
../mbedtls/library/ssl_tls.c:4598:6:mbedtls_ssl_conf_dhm_min_bitlen	0	static
../mbedtls/library/ssl_tls.c:4609:6:mbedtls_ssl_conf_sig_hashes	0	static
../mbedtls/library/ssl_tls.c:4620:6:mbedtls_ssl_conf_curves	0	static
../mbedtls/library/ssl_tls.c:4628:5:mbedtls_ssl_set_hostname	24	static
../mbedtls/library/ssl_tls.c:4674:6:mbedtls_ssl_conf_sni	0	static
../mbedtls/library/ssl_tls.c:4685:5:mbedtls_ssl_conf_alpn_protocols	24	static
../mbedtls/library/ssl_tls.c:4712:13:mbedtls_ssl_get_alpn_protocol	0	static
../mbedtls/library/ssl_tls.c:4798:6:mbedtls_ssl_conf_max_version	0	static
../mbedtls/library/ssl_tls.c:4804:6:mbedtls_ssl_conf_min_version	0	static
../mbedtls/library/ssl_tls.c:4811:6:mbedtls_ssl_conf_fallback	0	static
../mbedtls/library/ssl_tls.c:4818:6:mbedtls_ssl_conf_cert_req_ca_list	0	static
../mbedtls/library/ssl_tls.c:4826:6:mbedtls_ssl_conf_encrypt_then_mac	0	static
../mbedtls/library/ssl_tls.c:4833:6:mbedtls_ssl_conf_extended_master_secret	0	static
../mbedtls/library/ssl_tls.c:4847:5:mbedtls_ssl_conf_max_frag_len	0	static
../mbedtls/library/ssl_tls.c:4862:6:mbedtls_ssl_conf_truncated_hmac	0	static
../mbedtls/library/ssl_tls.c:4869:6:mbedtls_ssl_conf_cbc_record_splitting	0	static
../mbedtls/library/ssl_tls.c:4875:6:mbedtls_ssl_conf_legacy_renegotiation	0	static
../mbedtls/library/ssl_tls.c:4881:6:mbedtls_ssl_conf_renegotiation	0	static
../mbedtls/library/ssl_tls.c:4886:6:mbedtls_ssl_conf_renegotiation_enforced	0	static
../mbedtls/library/ssl_tls.c:4891:6:mbedtls_ssl_conf_renegotiation_period	0	static
../mbedtls/library/ssl_tls.c:4900:6:mbedtls_ssl_conf_session_tickets	0	static
../mbedtls/library/ssl_tls.c:4907:6:mbedtls_ssl_conf_session_tickets_cb	0	static
../mbedtls/library/ssl_tls.c:4920:6:mbedtls_ssl_conf_export_keys_cb	0	static
../mbedtls/library/ssl_tls.c:4928:6:mbedtls_ssl_conf_export_keys_ext_cb	0	static
../mbedtls/library/ssl_tls.c:4977:10:mbedtls_ssl_get_verify_result	0	static
../mbedtls/library/ssl_tls.c:4988:13:mbedtls_ssl_get_ciphersuite	0	static
../mbedtls/library/ssl_tls.c:4996:13:mbedtls_ssl_get_version	0	static
../mbedtls/library/ssl_tls.c:5035:8:mbedtls_ssl_get_input_max_frag_len	0	static
../mbedtls/library/ssl_tls.c:5070:8:mbedtls_ssl_get_output_max_frag_len	0	static
../mbedtls/library/ssl_tls.c:5097:8:mbedtls_ssl_get_max_frag_len	0	static
../mbedtls/library/ssl_tls.c:5105:8:mbedtls_ssl_get_current_mtu	0	static
../mbedtls/library/ssl_tls.c:5124:5:mbedtls_ssl_get_max_out_record_payload	16	static
../mbedtls/library/ssl_tls.c:5170:25:mbedtls_ssl_get_peer_cert	0	static
../mbedtls/library/ssl_tls.c:5184:5:mbedtls_ssl_get_session	0	static
../mbedtls/library/ssl_tls.c:5199:28:mbedtls_ssl_get_session_pointer	0	static
../mbedtls/library/ssl_tls.c:5514:5:mbedtls_ssl_session_save	16	static
../mbedtls/library/ssl_tls.c:5754:5:mbedtls_ssl_session_load	16	static
../mbedtls/library/ssl_tls.c:5769:5:mbedtls_ssl_handshake_step	8	static
../mbedtls/library/ssl_tls.c:5791:5:mbedtls_ssl_handshake	8	static
../mbedtls/library/ssl_tls.c:5970:6:mbedtls_ssl_handshake_free	16	static
../mbedtls/library/ssl_tls.c:3356:6:mbedtls_ssl_handshake_wrapup_free_hs_transform	8	static
../mbedtls/library/ssl_tls.c:3731:12:ssl_handshake_init	24	static
../mbedtls/library/ssl_tls.c:3847:5:mbedtls_ssl_setup	8	static
../mbedtls/library/ssl_tls.c:3931:5:mbedtls_ssl_session_reset_int	24	static
../mbedtls/library/ssl_tls.c:4057:5:mbedtls_ssl_session_reset	0	static
../mbedtls/library/ssl_tls.c:5862:5:mbedtls_ssl_start_renegotiation	8	static
../mbedtls/library/ssl_tls.c:5902:5:mbedtls_ssl_renegotiate	4	static
../mbedtls/library/ssl_tls.c:3381:6:mbedtls_ssl_handshake_wrapup	16	static
../mbedtls/library/ssl_tls.c:6093:6:mbedtls_ssl_session_free	8	static
../mbedtls/library/ssl_tls.c:6197:5:mbedtls_ssl_context_save	64	static
../mbedtls/library/ssl_tls.c:6753:6:mbedtls_ssl_free	16	static
../mbedtls/library/ssl_tls.c:6737:5:mbedtls_ssl_context_load	64	static
../mbedtls/library/ssl_tls.c:6846:6:mbedtls_ssl_config_init	0	static
../mbedtls/library/ssl_tls.c:6899:5:mbedtls_ssl_config_defaults	296	static
../mbedtls/library/ssl_tls.c:7063:6:mbedtls_ssl_config_free	16	static
../mbedtls/library/ssl_tls.c:7100:15:mbedtls_ssl_sig_from_pk	8	static
../mbedtls/library/ssl_tls.c:7113:15:mbedtls_ssl_sig_from_pk_alg	0	static
../mbedtls/library/ssl_tls.c:7126:19:mbedtls_ssl_pk_alg_from_sig	0	static
../mbedtls/library/ssl_tls.c:7148:19:mbedtls_ssl_sig_hash_set_find	0	static
../mbedtls/library/ssl_tls.c:7163:6:mbedtls_ssl_sig_hash_set_add	0	static
../mbedtls/library/ssl_tls.c:7185:6:mbedtls_ssl_sig_hash_set_const_hash	0	static
../mbedtls/library/ssl_tls.c:7198:19:mbedtls_ssl_md_alg_from_hash	0	static
../mbedtls/library/ssl_tls.c:7232:15:mbedtls_ssl_hash_from_md_alg	0	static
../mbedtls/library/ssl_tls.c:7268:5:mbedtls_ssl_check_curve	0	static
../mbedtls/library/ssl_tls.c:7288:5:mbedtls_ssl_check_sig_hash	0	static
../mbedtls/library/ssl_tls.c:7305:5:mbedtls_ssl_check_cert_usage	16	static
../mbedtls/library/ssl_tls.c:2778:5:mbedtls_ssl_parse_certificate	72	static
../mbedtls/library/ssl_tls.c:7395:5:mbedtls_ssl_set_calc_verify_md	0	static
../mbedtls/library/ssl_tls.c:7439:5:mbedtls_ssl_get_key_exchange_md_ssl_tls	208	static
../mbedtls/library/ssl_tls.c:7589:5:mbedtls_ssl_get_key_exchange_md_tls1_2	40	static
