../mbedtls/library/ssl_ciphersuites.c:2204:12:mbedtls_ssl_list_ciphersuites	8	static
../mbedtls/library/ssl_ciphersuites.c:2235:34:mbedtls_ssl_ciphersuite_from_string	16	static
../mbedtls/library/ssl_ciphersuites.c:2254:34:mbedtls_ssl_ciphersuite_from_id	0	static
../mbedtls/library/ssl_ciphersuites.c:2269:13:mbedtls_ssl_get_ciphersuite_name	0	static
../mbedtls/library/ssl_ciphersuites.c:2281:5:mbedtls_ssl_get_ciphersuite_id	16	static
../mbedtls/library/ssl_ciphersuites.c:2294:19:mbedtls_ssl_get_ciphersuite_sig_pk_alg	0	static
../mbedtls/library/ssl_ciphersuites.c:2316:19:mbedtls_ssl_get_ciphersuite_sig_alg	0	static
../mbedtls/library/ssl_ciphersuites.c:2337:5:mbedtls_ssl_ciphersuite_uses_ec	0	static
../mbedtls/library/ssl_ciphersuites.c:2356:5:mbedtls_ssl_ciphersuite_uses_psk	0	static
