../mbedtls/library/ssl_msg.c:3007:12:ssl_hs_is_proper_fragment	8	static
../mbedtls/library/ssl_msg.c:5439:12:ssl_check_ctr_renegotiate	24	static
../mbedtls/library/ssl_msg.c:5998:13:ssl_buffering_free_slot.isra	16	static
../mbedtls/library/ssl_msg.c:67:6:mbedtls_ssl_set_timer	0	static
../mbedtls/library/ssl_msg.c:79:5:mbedtls_ssl_check_timer	8	static
../mbedtls/library/ssl_msg.c:570:5:mbedtls_ssl_encrypt_buf	176	static
../mbedtls/library/ssl_msg.c:1285:5:mbedtls_ssl_decrypt_buf	296	static
../mbedtls/library/ssl_msg.c:2343:6:mbedtls_ssl_flight_free	16	static
../mbedtls/library/ssl_msg.c:2591:6:mbedtls_ssl_recv_flight_completed	16	static
../mbedtls/library/ssl_msg.c:2622:6:mbedtls_ssl_send_flight_completed	16	static
../mbedtls/library/ssl_msg.c:3229:6:mbedtls_ssl_update_handshake_status	16	static
../mbedtls/library/ssl_msg.c:3281:6:mbedtls_ssl_dtls_replay_reset	0	static
../mbedtls/library/ssl_msg.c:3319:5:mbedtls_ssl_dtls_replay_check	4	static
../mbedtls/library/ssl_msg.c:3610:12:ssl_parse_record_header	32	static
../mbedtls/library/ssl_msg.c:99:5:mbedtls_ssl_check_record	56	static
../mbedtls/library/ssl_msg.c:3344:6:mbedtls_ssl_dtls_replay_update	8	static
../mbedtls/library/ssl_msg.c:5201:6:mbedtls_ssl_update_out_pointers	4	static
../mbedtls/library/ssl_msg.c:2226:5:mbedtls_ssl_flush_output	8	static
../mbedtls/library/ssl_msg.c:2362:12:ssl_swap_epochs.isra	24	static
../mbedtls/library/ssl_msg.c:5243:6:mbedtls_ssl_update_in_pointers	0	static
../mbedtls/library/ssl_msg.c:5290:6:mbedtls_ssl_reset_in_out_pointers	20	static
../mbedtls/library/ssl_msg.c:5314:8:mbedtls_ssl_get_bytes_avail	0	static
../mbedtls/library/ssl_msg.c:5319:5:mbedtls_ssl_check_pending	0	static
../mbedtls/library/ssl_msg.c:5375:5:mbedtls_ssl_get_record_expansion	4	static
../mbedtls/library/ssl_msg.c:206:12:ssl_get_remaining_payload_in_datagram	24	static
../mbedtls/library/ssl_msg.c:2823:5:mbedtls_ssl_write_record	64	static
../mbedtls/library/ssl_msg.c:2663:5:mbedtls_ssl_write_handshake_msg	16	static
../mbedtls/library/ssl_msg.c:5088:5:mbedtls_ssl_write_change_cipher_spec	4	static
../mbedtls/library/ssl_msg.c:5061:5:mbedtls_ssl_send_alert_message	4	static
../mbedtls/library/ssl_msg.c:5789:12:ssl_write_real	16	static
../mbedtls/library/ssl_msg.c:5054:5:mbedtls_ssl_send_fatal_handshake_failure	4	static
../mbedtls/library/ssl_msg.c:2426:5:mbedtls_ssl_flight_transmit	32	static
../mbedtls/library/ssl_msg.c:2406:5:mbedtls_ssl_resend	0	static
../mbedtls/library/ssl_msg.c:2005:5:mbedtls_ssl_fetch_input	24	static
../mbedtls/library/ssl_msg.c:3137:5:mbedtls_ssl_prepare_handshake_record	16	static
../mbedtls/library/ssl_msg.c:4920:5:mbedtls_ssl_handle_message_type	8	static
../mbedtls/library/ssl_msg.c:4027:5:mbedtls_ssl_read_record	96	static
../mbedtls/library/ssl_msg.c:5111:5:mbedtls_ssl_parse_change_cipher_spec	16	static
../mbedtls/library/ssl_msg.c:5470:5:mbedtls_ssl_read	16	static
../mbedtls/library/ssl_msg.c:5893:5:mbedtls_ssl_write	16	static
../mbedtls/library/ssl_msg.c:5933:5:mbedtls_ssl_close_notify	4	static
../mbedtls/library/ssl_msg.c:5961:6:mbedtls_ssl_transform_free	8	static
../mbedtls/library/ssl_msg.c:5984:6:mbedtls_ssl_buffering_free	24	static
../mbedtls/library/ssl_msg.c:6027:6:mbedtls_ssl_write_version	0	static
../mbedtls/library/ssl_msg.c:6049:6:mbedtls_ssl_read_version	4	static
