../mbedtls/library/ssl_cookie.c:129:12:ssl_cookie_hmac.part.0	56	static
../mbedtls/library/ssl_cookie.c:74:6:mbedtls_ssl_cookie_init	8	static
../mbedtls/library/ssl_cookie.c:87:6:mbedtls_ssl_cookie_set_timeout	0	static
../mbedtls/library/ssl_cookie.c:92:6:mbedtls_ssl_cookie_free	8	static
../mbedtls/library/ssl_cookie.c:103:5:mbedtls_ssl_cookie_setup	48	static
../mbedtls/library/ssl_cookie.c:155:5:mbedtls_ssl_cookie_write	16	static
../mbedtls/library/ssl_cookie.c:200:5:mbedtls_ssl_cookie_check	72	static
