../mbedtls/library/x509write_crt.c:294:12:x509_write_time.constprop	24	static
../mbedtls/library/x509write_crt.c:43:6:mbedtls_x509write_crt_init	8	static
../mbedtls/library/x509write_crt.c:51:6:mbedtls_x509write_crt_free	8	static
../mbedtls/library/x509write_crt.c:62:6:mbedtls_x509write_crt_set_version	0	static
../mbedtls/library/x509write_crt.c:68:6:mbedtls_x509write_crt_set_md_alg	0	static
../mbedtls/library/x509write_crt.c:74:6:mbedtls_x509write_crt_set_subject_key	0	static
../mbedtls/library/x509write_crt.c:80:6:mbedtls_x509write_crt_set_issuer_key	0	static
../mbedtls/library/x509write_crt.c:86:5:mbedtls_x509write_crt_set_subject_name	0	static
../mbedtls/library/x509write_crt.c:92:5:mbedtls_x509write_crt_set_issuer_name	0	static
../mbedtls/library/x509write_crt.c:98:5:mbedtls_x509write_crt_set_serial	0	static
../mbedtls/library/x509write_crt.c:109:5:mbedtls_x509write_crt_set_validity	16	static
../mbedtls/library/x509write_crt.c:126:5:mbedtls_x509write_crt_set_extension	0	static
../mbedtls/library/x509write_crt.c:135:5:mbedtls_x509write_crt_set_basic_constraints	48	static
../mbedtls/library/x509write_crt.c:170:5:mbedtls_x509write_crt_set_subject_key_identifier	1080	static
../mbedtls/library/x509write_crt.c:198:5:mbedtls_x509write_crt_set_authority_key_identifier	1080	static
../mbedtls/library/x509write_crt.c:233:5:mbedtls_x509write_crt_set_key_usage	32	static
../mbedtls/library/x509write_crt.c:272:5:mbedtls_x509write_crt_set_ns_cert_type	40	static
../mbedtls/library/x509write_crt.c:325:5:mbedtls_x509write_crt_der	680	static
../mbedtls/library/x509write_crt.c:519:5:mbedtls_x509write_crt_pem	40	static
