../lvgl/src/hal/lv_hal_disp.c:613:31:invalidate_layout_cb	8	static
../lvgl/src/hal/lv_hal_disp.c:676:13:set_px_alpha_generic	24	static
../lvgl/src/hal/lv_hal_disp.c:662:13:set_px_cb_alpha8	40	static
../lvgl/src/hal/lv_hal_disp.c:648:13:set_px_cb_alpha4	40	static
../lvgl/src/hal/lv_hal_disp.c:634:13:set_px_cb_alpha2	40	static
../lvgl/src/hal/lv_hal_disp.c:620:13:set_px_cb_alpha1	40	static
../lvgl/src/hal/lv_hal_disp.c:690:13:set_px_true_color_alpha	28	static
../lvgl/src/hal/lv_hal_disp.c:85:6:lv_disp_drv_init	8	static
../lvgl/src/hal/lv_hal_disp.c:151:6:lv_disp_draw_buf_init	24	static
../lvgl/src/hal/lv_hal_disp.c:167:13:lv_disp_drv_register	32	static
../lvgl/src/hal/lv_hal_disp.c:251:6:lv_disp_drv_update	32	static
../lvgl/src/hal/lv_hal_disp.c:292:6:lv_disp_remove	24	static
../lvgl/src/hal/lv_hal_disp.c:333:6:lv_disp_set_default	0	static
../lvgl/src/hal/lv_hal_disp.c:342:13:lv_disp_get_default	0	static
../lvgl/src/hal/lv_hal_disp.c:352:12:lv_disp_get_hor_res	0	static
../lvgl/src/hal/lv_hal_disp.c:375:12:lv_disp_get_ver_res	0	static
../lvgl/src/hal/lv_hal_disp.c:398:12:lv_disp_get_physical_hor_res	0	static
../lvgl/src/hal/lv_hal_disp.c:421:12:lv_disp_get_physical_ver_res	0	static
../lvgl/src/hal/lv_hal_disp.c:444:12:lv_disp_get_offset_x	8	static
../lvgl/src/hal/lv_hal_disp.c:470:12:lv_disp_get_offset_y	8	static
../lvgl/src/hal/lv_hal_disp.c:496:6:lv_disp_get_antialiasing	0	static
../lvgl/src/hal/lv_hal_disp.c:509:12:lv_disp_get_dpi	0	static
../lvgl/src/hal/lv_hal_disp.c:520:31:lv_disp_flush_ready	0	static
../lvgl/src/hal/lv_hal_disp.c:532:31:lv_disp_flush_is_last	0	static
../lvgl/src/hal/lv_hal_disp.c:542:13:lv_disp_get_next	0	static
../lvgl/src/hal/lv_hal_disp.c:555:22:lv_disp_get_draw_buf	0	static
../lvgl/src/hal/lv_hal_disp.c:565:6:lv_disp_set_rotation	0	static
../lvgl/src/hal/lv_hal_disp.c:579:15:lv_disp_get_rotation	0	static
../lvgl/src/hal/lv_hal_disp.c:586:6:lv_disp_drv_use_generic_set_px_cb	0	static
