../component/osa/fsl_os_abstraction_free_rtos.c:90:18:main_task	0	static
../component/osa/fsl_os_abstraction_free_rtos.c:121:7:OSA_MemoryAllocate	16	static
../component/osa/fsl_os_abstraction_free_rtos.c:139:6:OSA_MemoryFree	0	static
../component/osa/fsl_os_abstraction_free_rtos.c:144:6:OSA_EnterCritical	0	static
../component/osa/fsl_os_abstraction_free_rtos.c:160:6:OSA_ExitCritical	0	static
../component/osa/fsl_os_abstraction_free_rtos.c:182:6:startup_task	8	static
../component/osa/fsl_os_abstraction_free_rtos.c:333:6:OSA_TimeDelay	0	static
../component/osa/fsl_os_abstraction_free_rtos.c:343:10:OSA_TimeGetMsec	8	static
../component/osa/fsl_os_abstraction_free_rtos.c:365:14:OSA_SemaphoreCreate	8	static
../component/osa/fsl_os_abstraction_free_rtos.c:392:14:OSA_SemaphoreDestroy	8	static
../component/osa/fsl_os_abstraction_free_rtos.c:414:14:OSA_SemaphoreWait	8	static
../component/osa/fsl_os_abstraction_free_rtos.c:449:14:OSA_SemaphorePost	16	static
../component/osa/fsl_os_abstraction_free_rtos.c:490:14:OSA_MutexCreate	8	static
../component/osa/fsl_os_abstraction_free_rtos.c:520:14:OSA_MutexLock	8	static
../component/osa/fsl_os_abstraction_free_rtos.c:552:14:OSA_MutexUnlock	8	static
../component/osa/fsl_os_abstraction_free_rtos.c:574:14:OSA_MutexDestroy	8	static
../component/osa/fsl_os_abstraction_free_rtos.c:590:14:OSA_EventCreate	16	static
../component/osa/fsl_os_abstraction_free_rtos.c:614:14:OSA_EventSet	16	static
../component/osa/fsl_os_abstraction_free_rtos.c:652:14:OSA_EventClear	8	static
../component/osa/fsl_os_abstraction_free_rtos.c:686:14:OSA_EventGet	16	static
../component/osa/fsl_os_abstraction_free_rtos.c:731:14:OSA_EventWait	24	static
../component/osa/fsl_os_abstraction_free_rtos.c:789:14:OSA_EventDestroy	8	static
../component/osa/fsl_os_abstraction_free_rtos.c:810:14:OSA_MsgQCreate	8	static
../component/osa/fsl_os_abstraction_free_rtos.c:838:14:OSA_MsgQPut	16	static
../component/osa/fsl_os_abstraction_free_rtos.c:878:14:OSA_MsgQGet	8	static
../component/osa/fsl_os_abstraction_free_rtos.c:912:5:OSA_MsgQAvailableMsgs	8	static
../component/osa/fsl_os_abstraction_free_rtos.c:927:14:OSA_MsgQDestroy	8	static
../component/osa/fsl_os_abstraction_free_rtos.c:942:6:OSA_InterruptEnable	0	static
../component/osa/fsl_os_abstraction_free_rtos.c:968:6:OSA_InterruptDisable	0	static
../component/osa/fsl_os_abstraction_free_rtos.c:990:6:OSA_EnableIRQGlobal	0	static
../component/osa/fsl_os_abstraction_free_rtos.c:1010:6:OSA_DisableIRQGlobal	0	static
../component/osa/fsl_os_abstraction_free_rtos.c:1025:6:OSA_InstallIntHandler	0	static
